{
    "all_files": {
        "content": [
            [
                "3pGtoA_freq.txt",
                "3p_freq_misincorporations.txt",
                "5pCtoT_freq.txt",
                "5p_freq_misincorporations.txt",
                "DNA_comp_genome.txt",
                "DNA_composition_sample.txt",
                "DamagePlot.pdf",
                "DamagePlot_five_prime.svg",
                "DamagePlot_three_prime.svg",
                "DamageProfiler.log",
                "Length_plot.pdf",
                "Length_plot_combined_data.svg",
                "Length_plot_forward_reverse_separated.svg",
                "dmgprof.json",
                "editDistance.txt",
                "edit_distance.pdf",
                "edit_distance.svg",
                "lgdistribution.txt",
                "misincorporation.txt",
                "3pGtoA_freq.txt",
                "3p_freq_misincorporations.txt",
                "5pCtoT_freq.txt",
                "5p_freq_misincorporations.txt",
                "DNA_comp_genome.txt",
                "DNA_composition_sample.txt",
                "DamagePlot.pdf",
                "DamagePlot_five_prime.svg",
                "DamagePlot_three_prime.svg",
                "DamageProfiler.log",
                "Length_plot.pdf",
                "Length_plot_combined_data.svg",
                "Length_plot_forward_reverse_separated.svg",
                "dmgprof.json",
                "editDistance.txt",
                "edit_distance.pdf",
                "edit_distance.svg",
                "lgdistribution.txt",
                "misincorporation.txt",
                "3pGtoA_freq.txt",
                "3p_freq_misincorporations.txt",
                "5pCtoT_freq.txt",
                "5p_freq_misincorporations.txt",
                "DNA_comp_genome.txt",
                "DNA_composition_sample.txt",
                "DamagePlot.pdf",
                "DamagePlot_five_prime.svg",
                "DamagePlot_three_prime.svg",
                "DamageProfiler.log",
                "Length_plot.pdf",
                "Length_plot_combined_data.svg",
                "Length_plot_forward_reverse_separated.svg",
                "dmgprof.json",
                "editDistance.txt",
                "edit_distance.pdf",
                "edit_distance.svg",
                "lgdistribution.txt",
                "misincorporation.txt",
                "JK2782_JK2782_TGGCCGATCAACGA_BAM_Mammoth_MT_Krause_percent_on_target_mqc.json",
                "JK2782_JK2782_TGGCCGATCAACGA_Mammoth_MT_Krause_percent_on_target_mqc.json",
                "JK2802_JK2802_AGAATAACCTACCA_Mammoth_MT_Krause_percent_on_target_mqc.json",
                "JK2782_JK2782_TGGCCGATCAACGA_BAM_Mammoth_MT_Krause.c_curve.txt",
                "JK2782_JK2782_TGGCCGATCAACGA_BAM_Mammoth_MT_Krause.command.log",
                "JK2782_JK2782_TGGCCGATCAACGA_Mammoth_MT_Krause.c_curve.txt",
                "JK2782_JK2782_TGGCCGATCAACGA_Mammoth_MT_Krause.command.log",
                "JK2802_JK2802_AGAATAACCTACCA_Mammoth_MT_Krause.c_curve.txt",
                "JK2802_JK2802_AGAATAACCTACCA_Mammoth_MT_Krause.command.log",
                "agogo.css",
                "ajax-loader.gif",
                "basic.css",
                "bgfooter.png",
                "bgtop.png",
                "comment-bright.png",
                "comment-close.png",
                "comment.png",
                "doctools.js",
                "down-pressed.png",
                "down.png",
                "file.png",
                "jquery.js",
                "minus.png",
                "plus.png",
                "pygments.css",
                "qualimap_logo_small.png",
                "report.css",
                "searchtools.js",
                "underscore.js",
                "up-pressed.png",
                "up.png",
                "websupport.js",
                "genome_results.txt",
                "genome_coverage_0to50_histogram.png",
                "genome_coverage_across_reference.png",
                "genome_coverage_histogram.png",
                "genome_coverage_quotes.png",
                "genome_gc_content_per_window.png",
                "genome_homopolymer_indels.png",
                "genome_mapping_quality_across_reference.png",
                "genome_mapping_quality_histogram.png",
                "genome_reads_content_per_read_position.png",
                "genome_uniq_read_starts_histogram.png",
                "qualimapReport.html",
                "coverage_across_reference.txt",
                "coverage_histogram.txt",
                "duplication_rate_histogram.txt",
                "genome_fraction_coverage.txt",
                "homopolymer_indels.txt",
                "mapped_reads_gc-content_distribution.txt",
                "mapped_reads_nucleotide_content.txt",
                "mapping_quality_across_reference.txt",
                "mapping_quality_histogram.txt",
                "agogo.css",
                "ajax-loader.gif",
                "basic.css",
                "bgfooter.png",
                "bgtop.png",
                "comment-bright.png",
                "comment-close.png",
                "comment.png",
                "doctools.js",
                "down-pressed.png",
                "down.png",
                "file.png",
                "jquery.js",
                "minus.png",
                "plus.png",
                "pygments.css",
                "qualimap_logo_small.png",
                "report.css",
                "searchtools.js",
                "underscore.js",
                "up-pressed.png",
                "up.png",
                "websupport.js",
                "genome_results.txt",
                "genome_coverage_0to50_histogram.png",
                "genome_coverage_across_reference.png",
                "genome_coverage_histogram.png",
                "genome_coverage_quotes.png",
                "genome_gc_content_per_window.png",
                "genome_homopolymer_indels.png",
                "genome_mapping_quality_across_reference.png",
                "genome_mapping_quality_histogram.png",
                "genome_reads_content_per_read_position.png",
                "genome_uniq_read_starts_histogram.png",
                "qualimapReport.html",
                "coverage_across_reference.txt",
                "coverage_histogram.txt",
                "duplication_rate_histogram.txt",
                "genome_fraction_coverage.txt",
                "homopolymer_indels.txt",
                "mapped_reads_gc-content_distribution.txt",
                "mapped_reads_nucleotide_content.txt",
                "mapping_quality_across_reference.txt",
                "mapping_quality_histogram.txt",
                "JK2782_JK2782_TGGCCGATCAACGA_BAM_Mammoth_MT_Krause_pmdfiltered.bam",
                "JK2782_JK2782_TGGCCGATCAACGA_BAM_Mammoth_MT_Krause_pmdfiltered.bam.bai",
                "JK2782_JK2782_TGGCCGATCAACGA_Mammoth_MT_Krause_pmdfiltered.bam",
                "JK2782_JK2782_TGGCCGATCAACGA_Mammoth_MT_Krause_pmdfiltered.bam.bai",
                "JK2802_JK2802_AGAATAACCTACCA_Mammoth_MT_Krause_pmdfiltered.bam",
                "JK2802_JK2802_AGAATAACCTACCA_Mammoth_MT_Krause_pmdfiltered.bam.bai",
                "JK2782_JK2782_TGGCCGATCAACGA_BAM_Mammoth_MT_Krause_pmdfiltered.flagstat",
                "JK2782_JK2782_TGGCCGATCAACGA_Mammoth_MT_Krause_pmdfiltered.flagstat",
                "JK2802_JK2802_AGAATAACCTACCA_Mammoth_MT_Krause_pmdfiltered.flagstat",
                "JK2782_JK2782_TGGCCGATCAACGA_BAM_Mammoth_MT_Krause_dedupped.bam",
                "JK2782_JK2782_TGGCCGATCAACGA_BAM_Mammoth_MT_Krause_dedupped.bam.bai",
                "JK2782_JK2782_TGGCCGATCAACGA_Mammoth_MT_Krause_dedupped.bam",
                "JK2782_JK2782_TGGCCGATCAACGA_Mammoth_MT_Krause_dedupped.bam.bai",
                "JK2802_JK2802_AGAATAACCTACCA_Mammoth_MT_Krause_dedupped.bam",
                "JK2802_JK2802_AGAATAACCTACCA_Mammoth_MT_Krause_dedupped.bam.bai",
                "JK2782_JK2782_TGGCCGATCAACGA_BAM_Mammoth_MT_Krause_dedupped.flagstat",
                "JK2782_JK2782_TGGCCGATCAACGA_Mammoth_MT_Krause_dedupped.flagstat",
                "JK2802_JK2802_AGAATAACCTACCA_Mammoth_MT_Krause_dedupped.flagstat",
                "JK2782_Mammoth_MT_Krause.bam",
                "JK2782_Mammoth_MT_Krause.bam.bai",
                "JK2802_Mammoth_MT_Krause.bam",
                "JK2802_Mammoth_MT_Krause.bam.bai",
                "JK2782_Mammoth_MT_Krause.flagstat",
                "JK2802_Mammoth_MT_Krause.flagstat",
                "JK2782_Mammoth_MT_Krause.bam",
                "JK2782_Mammoth_MT_Krause.bam.bai",
                "JK2802_Mammoth_MT_Krause.bam",
                "JK2802_Mammoth_MT_Krause.bam.bai",
                "JK2782_Mammoth_MT_Krause.flagstat",
                "JK2802_Mammoth_MT_Krause.flagstat",
                "angsd_Mammoth_MT_Krause.glf.gz",
                "JK2782_JK2782_TGGCCGATCAACGA_BAM_Mammoth_MT_Krause_sorted.flagstat",
                "JK2782_JK2782_TGGCCGATCAACGA_BAM_Mammoth_MT_Krause_sorted.bam",
                "JK2782_JK2782_TGGCCGATCAACGA_BAM_Mammoth_MT_Krause_sorted.bam.bai",
                "JK2782_JK2782_TGGCCGATCAACGA_Mammoth_MT_Krause_sorted.bam",
                "JK2782_JK2782_TGGCCGATCAACGA_Mammoth_MT_Krause_sorted.bam.bai",
                "JK2802_JK2802_AGAATAACCTACCA_Mammoth_MT_Krause_sorted.bam",
                "JK2802_JK2802_AGAATAACCTACCA_Mammoth_MT_Krause_sorted.bam.bai",
                "JK2782_JK2782_TGGCCGATCAACGA_Mammoth_MT_Krause_sorted.flagstat",
                "JK2802_JK2802_AGAATAACCTACCA_Mammoth_MT_Krause_sorted.flagstat",
                "JK2782_JK2782_TGGCCGATCAACGA_BAM_Mammoth_MT_Krause_metagenomics_fastq_unmapped_other.rma6",
                "JK2782_JK2782_TGGCCGATCAACGA_Mammoth_MT_Krause_metagenomics_fastq_unmapped_other.rma6",
                "JK2802_JK2802_AGAATAACCTACCA_Mammoth_MT_Krause_metagenomics_fastq_unmapped_other.rma6",
                "eager_test.tar_doublestranded_0-run-malt-run.log",
                "eager_test.tar_runtime_log_concatenated.log",
                "RunSummary.txt",
                "TotalCount.txt",
                "JK2782_JK2782_TGGCCGATCAACGA_BAM_Mammoth_MT_Krause_metagenomics_fastq_unmapped_other.rma6_coverageHist.txt",
                "JK2782_JK2782_TGGCCGATCAACGA_BAM_Mammoth_MT_Krause_metagenomics_fastq_unmapped_other.rma6_postionsCovered.txt",
                "JK2782_JK2782_TGGCCGATCAACGA_Mammoth_MT_Krause_metagenomics_fastq_unmapped_other.rma6_coverageHist.txt",
                "JK2782_JK2782_TGGCCGATCAACGA_Mammoth_MT_Krause_metagenomics_fastq_unmapped_other.rma6_postionsCovered.txt",
                "JK2802_JK2802_AGAATAACCTACCA_Mammoth_MT_Krause_metagenomics_fastq_unmapped_other.rma6_coverageHist.txt",
                "JK2802_JK2802_AGAATAACCTACCA_Mammoth_MT_Krause_metagenomics_fastq_unmapped_other.rma6_postionsCovered.txt",
                "JK2782_JK2782_TGGCCGATCAACGA_BAM_Mammoth_MT_Krause_metagenomics_fastq_unmapped_other.rma6_damageMismatch.txt",
                "JK2782_JK2782_TGGCCGATCAACGA_Mammoth_MT_Krause_metagenomics_fastq_unmapped_other.rma6_damageMismatch.txt",
                "JK2802_JK2802_AGAATAACCTACCA_Mammoth_MT_Krause_metagenomics_fastq_unmapped_other.rma6_damageMismatch.txt",
                "JK2782_JK2782_TGGCCGATCAACGA_BAM_Mammoth_MT_Krause_metagenomics_fastq_unmapped_other.rma6_editDistance.txt",
                "JK2782_JK2782_TGGCCGATCAACGA_Mammoth_MT_Krause_metagenomics_fastq_unmapped_other.rma6_editDistance.txt",
                "JK2802_JK2802_AGAATAACCTACCA_Mammoth_MT_Krause_metagenomics_fastq_unmapped_other.rma6_editDistance.txt",
                "JK2782_JK2782_TGGCCGATCAACGA_BAM_Mammoth_MT_Krause_metagenomics_fastq_unmapped_other.rma6_assignedReads.txt",
                "JK2782_JK2782_TGGCCGATCAACGA_BAM_Mammoth_MT_Krause_metagenomics_fastq_unmapped_other.rma6_filterTable.txt",
                "JK2782_JK2782_TGGCCGATCAACGA_Mammoth_MT_Krause_metagenomics_fastq_unmapped_other.rma6_assignedReads.txt",
                "JK2782_JK2782_TGGCCGATCAACGA_Mammoth_MT_Krause_metagenomics_fastq_unmapped_other.rma6_filterTable.txt",
                "JK2802_JK2802_AGAATAACCTACCA_Mammoth_MT_Krause_metagenomics_fastq_unmapped_other.rma6_assignedReads.txt",
                "JK2802_JK2802_AGAATAACCTACCA_Mammoth_MT_Krause_metagenomics_fastq_unmapped_other.rma6_filterTable.txt",
                "JK2782_JK2782_TGGCCGATCAACGA_BAM_Mammoth_MT_Krause_metagenomics_fastq_unmapped_other.rma6_percentIdentity.txt",
                "JK2782_JK2782_TGGCCGATCAACGA_Mammoth_MT_Krause_metagenomics_fastq_unmapped_other.rma6_percentIdentity.txt",
                "JK2802_JK2802_AGAATAACCTACCA_Mammoth_MT_Krause_metagenomics_fastq_unmapped_other.rma6_percentIdentity.txt",
                "JK2782_JK2782_TGGCCGATCAACGA_BAM_Mammoth_MT_Krause_metagenomics_fastq_unmapped_other.rma6_additionalNodeEntries.txt",
                "JK2782_JK2782_TGGCCGATCAACGA_BAM_Mammoth_MT_Krause_metagenomics_fastq_unmapped_other.rma6_alignmentDist.txt",
                "JK2782_JK2782_TGGCCGATCAACGA_BAM_Mammoth_MT_Krause_metagenomics_fastq_unmapped_other.rma6_readLengthDist.txt",
                "JK2782_JK2782_TGGCCGATCAACGA_BAM_Mammoth_MT_Krause_metagenomics_fastq_unmapped_other.rma6_readLengthStat.txt",
                "JK2782_JK2782_TGGCCGATCAACGA_Mammoth_MT_Krause_metagenomics_fastq_unmapped_other.rma6_additionalNodeEntries.txt",
                "JK2782_JK2782_TGGCCGATCAACGA_Mammoth_MT_Krause_metagenomics_fastq_unmapped_other.rma6_alignmentDist.txt",
                "JK2782_JK2782_TGGCCGATCAACGA_Mammoth_MT_Krause_metagenomics_fastq_unmapped_other.rma6_readLengthDist.txt",
                "JK2782_JK2782_TGGCCGATCAACGA_Mammoth_MT_Krause_metagenomics_fastq_unmapped_other.rma6_readLengthStat.txt",
                "JK2802_JK2802_AGAATAACCTACCA_Mammoth_MT_Krause_metagenomics_fastq_unmapped_other.rma6_additionalNodeEntries.txt",
                "JK2802_JK2802_AGAATAACCTACCA_Mammoth_MT_Krause_metagenomics_fastq_unmapped_other.rma6_alignmentDist.txt",
                "JK2802_JK2802_AGAATAACCTACCA_Mammoth_MT_Krause_metagenomics_fastq_unmapped_other.rma6_readLengthDist.txt",
                "JK2802_JK2802_AGAATAACCTACCA_Mammoth_MT_Krause_metagenomics_fastq_unmapped_other.rma6_readLengthStat.txt",
                "RunSummary.txt",
                "TotalCount.txt",
                "JK2782_JK2782_TGGCCGATCAACGA_BAM_Mammoth_MT_Krause_metagenomics_fastq_unmapped_other.rma6_coverageHist.txt",
                "JK2782_JK2782_TGGCCGATCAACGA_BAM_Mammoth_MT_Krause_metagenomics_fastq_unmapped_other.rma6_postionsCovered.txt",
                "JK2782_JK2782_TGGCCGATCAACGA_Mammoth_MT_Krause_metagenomics_fastq_unmapped_other.rma6_coverageHist.txt",
                "JK2782_JK2782_TGGCCGATCAACGA_Mammoth_MT_Krause_metagenomics_fastq_unmapped_other.rma6_postionsCovered.txt",
                "JK2802_JK2802_AGAATAACCTACCA_Mammoth_MT_Krause_metagenomics_fastq_unmapped_other.rma6_coverageHist.txt",
                "JK2802_JK2802_AGAATAACCTACCA_Mammoth_MT_Krause_metagenomics_fastq_unmapped_other.rma6_postionsCovered.txt",
                "JK2782_JK2782_TGGCCGATCAACGA_BAM_Mammoth_MT_Krause_metagenomics_fastq_unmapped_other.rma6_damageMismatch.txt",
                "JK2782_JK2782_TGGCCGATCAACGA_Mammoth_MT_Krause_metagenomics_fastq_unmapped_other.rma6_damageMismatch.txt",
                "JK2802_JK2802_AGAATAACCTACCA_Mammoth_MT_Krause_metagenomics_fastq_unmapped_other.rma6_damageMismatch.txt",
                "JK2782_JK2782_TGGCCGATCAACGA_BAM_Mammoth_MT_Krause_metagenomics_fastq_unmapped_other.rma6_editDistance.txt",
                "JK2782_JK2782_TGGCCGATCAACGA_Mammoth_MT_Krause_metagenomics_fastq_unmapped_other.rma6_editDistance.txt",
                "JK2802_JK2802_AGAATAACCTACCA_Mammoth_MT_Krause_metagenomics_fastq_unmapped_other.rma6_editDistance.txt",
                "JK2782_JK2782_TGGCCGATCAACGA_BAM_Mammoth_MT_Krause_metagenomics_fastq_unmapped_other.rma6_assignedReads.txt",
                "JK2782_JK2782_TGGCCGATCAACGA_BAM_Mammoth_MT_Krause_metagenomics_fastq_unmapped_other.rma6_filterTable.txt",
                "JK2782_JK2782_TGGCCGATCAACGA_Mammoth_MT_Krause_metagenomics_fastq_unmapped_other.rma6_assignedReads.txt",
                "JK2782_JK2782_TGGCCGATCAACGA_Mammoth_MT_Krause_metagenomics_fastq_unmapped_other.rma6_filterTable.txt",
                "JK2802_JK2802_AGAATAACCTACCA_Mammoth_MT_Krause_metagenomics_fastq_unmapped_other.rma6_assignedReads.txt",
                "JK2802_JK2802_AGAATAACCTACCA_Mammoth_MT_Krause_metagenomics_fastq_unmapped_other.rma6_filterTable.txt",
                "JK2782_JK2782_TGGCCGATCAACGA_BAM_Mammoth_MT_Krause_metagenomics_fastq_unmapped_other.rma6_percentIdentity.txt",
                "JK2782_JK2782_TGGCCGATCAACGA_Mammoth_MT_Krause_metagenomics_fastq_unmapped_other.rma6_percentIdentity.txt",
                "JK2802_JK2802_AGAATAACCTACCA_Mammoth_MT_Krause_metagenomics_fastq_unmapped_other.rma6_percentIdentity.txt",
                "JK2782_JK2782_TGGCCGATCAACGA_BAM_Mammoth_MT_Krause_metagenomics_fastq_unmapped_other.rma6_additionalNodeEntries.txt",
                "JK2782_JK2782_TGGCCGATCAACGA_BAM_Mammoth_MT_Krause_metagenomics_fastq_unmapped_other.rma6_alignmentDist.txt",
                "JK2782_JK2782_TGGCCGATCAACGA_BAM_Mammoth_MT_Krause_metagenomics_fastq_unmapped_other.rma6_readLengthDist.txt",
                "JK2782_JK2782_TGGCCGATCAACGA_BAM_Mammoth_MT_Krause_metagenomics_fastq_unmapped_other.rma6_readLengthStat.txt",
                "JK2782_JK2782_TGGCCGATCAACGA_Mammoth_MT_Krause_metagenomics_fastq_unmapped_other.rma6_additionalNodeEntries.txt",
                "JK2782_JK2782_TGGCCGATCAACGA_Mammoth_MT_Krause_metagenomics_fastq_unmapped_other.rma6_alignmentDist.txt",
                "JK2782_JK2782_TGGCCGATCAACGA_Mammoth_MT_Krause_metagenomics_fastq_unmapped_other.rma6_readLengthDist.txt",
                "JK2782_JK2782_TGGCCGATCAACGA_Mammoth_MT_Krause_metagenomics_fastq_unmapped_other.rma6_readLengthStat.txt",
                "JK2802_JK2802_AGAATAACCTACCA_Mammoth_MT_Krause_metagenomics_fastq_unmapped_other.rma6_additionalNodeEntries.txt",
                "JK2802_JK2802_AGAATAACCTACCA_Mammoth_MT_Krause_metagenomics_fastq_unmapped_other.rma6_alignmentDist.txt",
                "JK2802_JK2802_AGAATAACCTACCA_Mammoth_MT_Krause_metagenomics_fastq_unmapped_other.rma6_readLengthDist.txt",
                "JK2802_JK2802_AGAATAACCTACCA_Mammoth_MT_Krause_metagenomics_fastq_unmapped_other.rma6_readLengthStat.txt",
                "error.txt",
                "log.txt",
                "JK2782_JK2782_TGGCCGATCAACGA_BAM_Mammoth_MT_Krause_metagenomics_fastq_unmapped_other.megan",
                "JK2782_JK2782_TGGCCGATCAACGA_BAM_Mammoth_MT_Krause_metagenomics_fastq_unmapped_other.txt.gz",
                "JK2782_JK2782_TGGCCGATCAACGA_Mammoth_MT_Krause_metagenomics_fastq_unmapped_other.megan",
                "JK2782_JK2782_TGGCCGATCAACGA_Mammoth_MT_Krause_metagenomics_fastq_unmapped_other.txt.gz",
                "JK2802_JK2802_AGAATAACCTACCA_Mammoth_MT_Krause_metagenomics_fastq_unmapped_other.megan",
                "JK2802_JK2802_AGAATAACCTACCA_Mammoth_MT_Krause_metagenomics_fastq_unmapped_other.txt.gz",
                "megan6_taxpasta_table.tsv",
                "fastp-insert-size-plot.txt",
                "fastp-seq-content-gc-plot_Merged_and_filtered.txt",
                "fastp-seq-content-gc-plot_Read_1_After_filtering.txt",
                "fastp-seq-content-gc-plot_Read_1_Before_filtering.txt",
                "fastp-seq-content-gc-plot_Read_2_Before_filtering.txt",
                "fastp-seq-content-n-plot_Merged_and_filtered.txt",
                "fastp-seq-content-n-plot_Read_1_After_filtering.txt",
                "fastp-seq-content-n-plot_Read_1_Before_filtering.txt",
                "fastp-seq-content-n-plot_Read_2_Before_filtering.txt",
                "fastp-seq-quality-plot_Merged_and_filtered.txt",
                "fastp-seq-quality-plot_Read_1_After_filtering.txt",
                "fastp-seq-quality-plot_Read_1_Before_filtering.txt",
                "fastp-seq-quality-plot_Read_2_Before_filtering.txt",
                "fastp_filtered_reads_plot.txt",
                "fastqc-status-check-heatmap.txt",
                "fastqc_adapter_content_plot.txt",
                "fastqc_per_base_n_content_plot.txt",
                "fastqc_per_base_sequence_quality_plot.txt",
                "fastqc_per_sequence_gc_content_plot_Counts.txt",
                "fastqc_per_sequence_gc_content_plot_Percentages.txt",
                "fastqc_per_sequence_quality_scores_plot.txt",
                "fastqc_sequence_counts_plot.txt",
                "fastqc_sequence_duplication_levels_plot.txt",
                "fastqc_sequence_length_distribution_plot.txt",
                "fastqc_top_overrepresented_sequences_table.txt",
                "fiveprime_misinc_plot.txt",
                "length-distribution-Forward.txt",
                "length-distribution-Reverse.txt",
                "llms-full.txt",
                "malt-mappability-plot.txt",
                "malt-taxonomic-success-plot.txt",
                "malt.txt",
                "mapdamage-fiveprime_misinc_plot.txt",
                "mapdamage-length-distribution-Forward.txt",
                "mapdamage-length-distribution-Reverse.txt",
                "mapdamage-threeprime_misinc_plot.txt",
                "multiqc.log",
                "multiqc.parquet",
                "multiqc_citations.txt",
                "multiqc_damageprofiler_metrics.txt",
                "multiqc_data.json",
                "multiqc_fastp.txt",
                "multiqc_fastqc.txt",
                "multiqc_general_stats.txt",
                "multiqc_qualimap_bamqc_genome_results.txt",
                "multiqc_samtools_flagstat.txt",
                "multiqc_software_versions.txt",
                "multiqc_sources.txt",
                "preseq.txt",
                "preseq_complexity_plot_molecules.txt",
                "qualimap_coverage_histogram.txt",
                "qualimap_gc_content.txt",
                "qualimap_genome_fraction.txt",
                "samtools-flagstat-pct-table.txt",
                "samtools-flagstat-table.txt",
                "threeprime_misinc_plot.txt",
                "fastp-insert-size-plot.pdf",
                "fastp-seq-content-gc-plot_Merged_and_filtered.pdf",
                "fastp-seq-content-gc-plot_Read_1_After_filtering.pdf",
                "fastp-seq-content-gc-plot_Read_1_Before_filtering.pdf",
                "fastp-seq-content-gc-plot_Read_2_Before_filtering.pdf",
                "fastp-seq-content-n-plot_Merged_and_filtered.pdf",
                "fastp-seq-content-n-plot_Read_1_After_filtering.pdf",
                "fastp-seq-content-n-plot_Read_1_Before_filtering.pdf",
                "fastp-seq-content-n-plot_Read_2_Before_filtering.pdf",
                "fastp-seq-quality-plot_Merged_and_filtered.pdf",
                "fastp-seq-quality-plot_Read_1_After_filtering.pdf",
                "fastp-seq-quality-plot_Read_1_Before_filtering.pdf",
                "fastp-seq-quality-plot_Read_2_Before_filtering.pdf",
                "fastp_filtered_reads_plot-cnt.pdf",
                "fastp_filtered_reads_plot-pct.pdf",
                "fastqc_adapter_content_plot.pdf",
                "fastqc_per_base_n_content_plot.pdf",
                "fastqc_per_base_sequence_quality_plot.pdf",
                "fastqc_per_sequence_gc_content_plot_Counts.pdf",
                "fastqc_per_sequence_gc_content_plot_Percentages.pdf",
                "fastqc_per_sequence_quality_scores_plot.pdf",
                "fastqc_sequence_counts_plot-cnt.pdf",
                "fastqc_sequence_counts_plot-pct.pdf",
                "fastqc_sequence_duplication_levels_plot.pdf",
                "fastqc_sequence_length_distribution_plot.pdf",
                "fastqc_top_overrepresented_sequences_table.pdf",
                "fiveprime_misinc_plot.pdf",
                "length-distribution-Forward.pdf",
                "length-distribution-Reverse.pdf",
                "malt-mappability-plot-cnt.pdf",
                "malt-mappability-plot-pct.pdf",
                "malt-taxonomic-success-plot-cnt.pdf",
                "malt-taxonomic-success-plot-pct.pdf",
                "mapdamage-fiveprime_misinc_plot.pdf",
                "mapdamage-length-distribution-Forward.pdf",
                "mapdamage-length-distribution-Reverse.pdf",
                "mapdamage-threeprime_misinc_plot.pdf",
                "preseq_complexity_plot_molecules.pdf",
                "qualimap_coverage_histogram.pdf",
                "qualimap_gc_content.pdf",
                "qualimap_genome_fraction.pdf",
                "samtools-flagstat-pct-table.pdf",
                "samtools-flagstat-table.pdf",
                "threeprime_misinc_plot.pdf",
                "fastp-insert-size-plot.png",
                "fastp-seq-content-gc-plot_Merged_and_filtered.png",
                "fastp-seq-content-gc-plot_Read_1_After_filtering.png",
                "fastp-seq-content-gc-plot_Read_1_Before_filtering.png",
                "fastp-seq-content-gc-plot_Read_2_Before_filtering.png",
                "fastp-seq-content-n-plot_Merged_and_filtered.png",
                "fastp-seq-content-n-plot_Read_1_After_filtering.png",
                "fastp-seq-content-n-plot_Read_1_Before_filtering.png",
                "fastp-seq-content-n-plot_Read_2_Before_filtering.png",
                "fastp-seq-quality-plot_Merged_and_filtered.png",
                "fastp-seq-quality-plot_Read_1_After_filtering.png",
                "fastp-seq-quality-plot_Read_1_Before_filtering.png",
                "fastp-seq-quality-plot_Read_2_Before_filtering.png",
                "fastp_filtered_reads_plot-cnt.png",
                "fastp_filtered_reads_plot-pct.png",
                "fastqc_adapter_content_plot.png",
                "fastqc_per_base_n_content_plot.png",
                "fastqc_per_base_sequence_quality_plot.png",
                "fastqc_per_sequence_gc_content_plot_Counts.png",
                "fastqc_per_sequence_gc_content_plot_Percentages.png",
                "fastqc_per_sequence_quality_scores_plot.png",
                "fastqc_sequence_counts_plot-cnt.png",
                "fastqc_sequence_counts_plot-pct.png",
                "fastqc_sequence_duplication_levels_plot.png",
                "fastqc_sequence_length_distribution_plot.png",
                "fastqc_top_overrepresented_sequences_table.png",
                "fiveprime_misinc_plot.png",
                "length-distribution-Forward.png",
                "length-distribution-Reverse.png",
                "malt-mappability-plot-cnt.png",
                "malt-mappability-plot-pct.png",
                "malt-taxonomic-success-plot-cnt.png",
                "malt-taxonomic-success-plot-pct.png",
                "mapdamage-fiveprime_misinc_plot.png",
                "mapdamage-length-distribution-Forward.png",
                "mapdamage-length-distribution-Reverse.png",
                "mapdamage-threeprime_misinc_plot.png",
                "preseq_complexity_plot_molecules.png",
                "qualimap_coverage_histogram.png",
                "qualimap_gc_content.png",
                "qualimap_genome_fraction.png",
                "samtools-flagstat-pct-table.png",
                "samtools-flagstat-table.png",
                "threeprime_misinc_plot.png",
                "fastp-insert-size-plot.svg",
                "fastp-seq-content-gc-plot_Merged_and_filtered.svg",
                "fastp-seq-content-gc-plot_Read_1_After_filtering.svg",
                "fastp-seq-content-gc-plot_Read_1_Before_filtering.svg",
                "fastp-seq-content-gc-plot_Read_2_Before_filtering.svg",
                "fastp-seq-content-n-plot_Merged_and_filtered.svg",
                "fastp-seq-content-n-plot_Read_1_After_filtering.svg",
                "fastp-seq-content-n-plot_Read_1_Before_filtering.svg",
                "fastp-seq-content-n-plot_Read_2_Before_filtering.svg",
                "fastp-seq-quality-plot_Merged_and_filtered.svg",
                "fastp-seq-quality-plot_Read_1_After_filtering.svg",
                "fastp-seq-quality-plot_Read_1_Before_filtering.svg",
                "fastp-seq-quality-plot_Read_2_Before_filtering.svg",
                "fastp_filtered_reads_plot-cnt.svg",
                "fastp_filtered_reads_plot-pct.svg",
                "fastqc_adapter_content_plot.svg",
                "fastqc_per_base_n_content_plot.svg",
                "fastqc_per_base_sequence_quality_plot.svg",
                "fastqc_per_sequence_gc_content_plot_Counts.svg",
                "fastqc_per_sequence_gc_content_plot_Percentages.svg",
                "fastqc_per_sequence_quality_scores_plot.svg",
                "fastqc_sequence_counts_plot-cnt.svg",
                "fastqc_sequence_counts_plot-pct.svg",
                "fastqc_sequence_duplication_levels_plot.svg",
                "fastqc_sequence_length_distribution_plot.svg",
                "fastqc_top_overrepresented_sequences_table.svg",
                "fiveprime_misinc_plot.svg",
                "length-distribution-Forward.svg",
                "length-distribution-Reverse.svg",
                "malt-mappability-plot-cnt.svg",
                "malt-mappability-plot-pct.svg",
                "malt-taxonomic-success-plot-cnt.svg",
                "malt-taxonomic-success-plot-pct.svg",
                "mapdamage-fiveprime_misinc_plot.svg",
                "mapdamage-length-distribution-Forward.svg",
                "mapdamage-length-distribution-Reverse.svg",
                "mapdamage-threeprime_misinc_plot.svg",
                "preseq_complexity_plot_molecules.svg",
                "qualimap_coverage_histogram.svg",
                "qualimap_gc_content.svg",
                "qualimap_genome_fraction.svg",
                "samtools-flagstat-pct-table.svg",
                "samtools-flagstat-table.svg",
                "threeprime_misinc_plot.svg",
                "multiqc_report.html",
                "JK2782_JK2782_TGGCCGATCAACGA_L1.fastp.html",
                "JK2782_JK2782_TGGCCGATCAACGA_L1.fastp.json",
                "JK2782_JK2782_TGGCCGATCAACGA_L1.fastp.log",
                "JK2802_JK2802_AGAATAACCTACCA_L2.fastp.html",
                "JK2802_JK2802_AGAATAACCTACCA_L2.fastp.json",
                "JK2802_JK2802_AGAATAACCTACCA_L2.fastp.log",
                "JK2782_JK2782_TGGCCGATCAACGA_L1_fastqc.html",
                "JK2782_JK2782_TGGCCGATCAACGA_L1_fastqc.zip",
                "JK2802_JK2802_AGAATAACCTACCA_L2_fastqc.html",
                "JK2802_JK2802_AGAATAACCTACCA_L2_fastqc.zip",
                "JK2782_JK2782_TGGCCGATCAACGA_L1_1_fastqc.html",
                "JK2782_JK2782_TGGCCGATCAACGA_L1_1_fastqc.zip",
                "JK2782_JK2782_TGGCCGATCAACGA_L1_2_fastqc.html",
                "JK2782_JK2782_TGGCCGATCAACGA_L1_2_fastqc.zip",
                "JK2802_JK2802_AGAATAACCTACCA_L2_fastqc.html",
                "JK2802_JK2802_AGAATAACCTACCA_L2_fastqc.zip",
                "JK2782.bam",
                "JK2802.bam"
            ]
        ],
        "meta": {
            "nf-test": "0.9.2",
            "nextflow": "25.10.3"
        },
        "timestamp": "2026-01-30T11:02:22.578559171"
    },
    "preprocessing": {
        "content": [
            [
                "JK2782_JK2782_TGGCCGATCAACGA_L1.fastp.json:md5,63c38066b91b7a7d581ed44775319404",
                "JK2802_JK2802_AGAATAACCTACCA_L2.fastp.json:md5,0257faf7f1e9e1d586bbf0831340b793"
            ],
            [
                "JK2782_JK2782_TGGCCGATCAACGA_L1.fastp.html",
                "JK2782_JK2782_TGGCCGATCAACGA_L1.fastp.log",
                "JK2802_JK2802_AGAATAACCTACCA_L2.fastp.html",
                "JK2802_JK2802_AGAATAACCTACCA_L2.fastp.log",
                "JK2782_JK2782_TGGCCGATCAACGA_L1_fastqc.html",
                "JK2782_JK2782_TGGCCGATCAACGA_L1_fastqc.zip",
                "JK2802_JK2802_AGAATAACCTACCA_L2_fastqc.html",
                "JK2802_JK2802_AGAATAACCTACCA_L2_fastqc.zip",
                "JK2782_JK2782_TGGCCGATCAACGA_L1_1_fastqc.html",
                "JK2782_JK2782_TGGCCGATCAACGA_L1_1_fastqc.zip",
                "JK2782_JK2782_TGGCCGATCAACGA_L1_2_fastqc.html",
                "JK2782_JK2782_TGGCCGATCAACGA_L1_2_fastqc.zip",
                "JK2802_JK2802_AGAATAACCTACCA_L2_fastqc.html",
                "JK2802_JK2802_AGAATAACCTACCA_L2_fastqc.zip"
            ]
        ],
        "meta": {
            "nf-test": "0.9.2",
            "nextflow": "25.10.0"
        },
        "timestamp": "2025-11-07T11:52:16.475149298"
    },
    "metagenomics": {
        "content": [
            [
                "RunSummary.txt:md5,79b84d2f76336c57b11d90779cf680d7",
                "TotalCount.txt:md5,558fa11de08e21d76ed5c4ecf320ec6e",
                "JK2782_JK2782_TGGCCGATCAACGA_BAM_Mammoth_MT_Krause_metagenomics_fastq_unmapped_other.rma6_coverageHist.txt:md5,0dfeef0e05d01e17a39abe414f97e132",
                "JK2782_JK2782_TGGCCGATCAACGA_BAM_Mammoth_MT_Krause_metagenomics_fastq_unmapped_other.rma6_postionsCovered.txt:md5,8c6b4bf71fc991617d10480bcc36b0f8",
                "JK2782_JK2782_TGGCCGATCAACGA_Mammoth_MT_Krause_metagenomics_fastq_unmapped_other.rma6_coverageHist.txt:md5,e149cbcaaf181101d43bee6ee149cdb6",
                "JK2782_JK2782_TGGCCGATCAACGA_Mammoth_MT_Krause_metagenomics_fastq_unmapped_other.rma6_postionsCovered.txt:md5,30fa9ae65464ef456db96c1fc9c3d440",
                "JK2802_JK2802_AGAATAACCTACCA_Mammoth_MT_Krause_metagenomics_fastq_unmapped_other.rma6_coverageHist.txt:md5,e0746ae00d3432c634dc811662b52747",
                "JK2802_JK2802_AGAATAACCTACCA_Mammoth_MT_Krause_metagenomics_fastq_unmapped_other.rma6_postionsCovered.txt:md5,14f01c8086be689e35faa7ab0b94da8f",
                "JK2782_JK2782_TGGCCGATCAACGA_BAM_Mammoth_MT_Krause_metagenomics_fastq_unmapped_other.rma6_damageMismatch.txt:md5,6cdb39b39e857e67212819cf17bf18d8",
                "JK2782_JK2782_TGGCCGATCAACGA_Mammoth_MT_Krause_metagenomics_fastq_unmapped_other.rma6_damageMismatch.txt:md5,28f017e35f5efa70c13da18a9085df05",
                "JK2802_JK2802_AGAATAACCTACCA_Mammoth_MT_Krause_metagenomics_fastq_unmapped_other.rma6_damageMismatch.txt:md5,de650aeda3d8223fbd622b9a8b7e5d9c",
                "JK2782_JK2782_TGGCCGATCAACGA_BAM_Mammoth_MT_Krause_metagenomics_fastq_unmapped_other.rma6_editDistance.txt:md5,fd270ea95de65254dd000fdf5fc1460f",
                "JK2782_JK2782_TGGCCGATCAACGA_Mammoth_MT_Krause_metagenomics_fastq_unmapped_other.rma6_editDistance.txt:md5,1257b2f036501e076b94a6f650f8e2b6",
                "JK2802_JK2802_AGAATAACCTACCA_Mammoth_MT_Krause_metagenomics_fastq_unmapped_other.rma6_editDistance.txt:md5,156ff42b84a23e1024dfad5e5015d935",
                "JK2782_JK2782_TGGCCGATCAACGA_BAM_Mammoth_MT_Krause_metagenomics_fastq_unmapped_other.rma6_assignedReads.txt:md5,cb7fcdb05756cf56bee526583d2fa0e4",
                "JK2782_JK2782_TGGCCGATCAACGA_BAM_Mammoth_MT_Krause_metagenomics_fastq_unmapped_other.rma6_filterTable.txt:md5,0c5678c9203c33fd5c74c6eca5786974",
                "JK2782_JK2782_TGGCCGATCAACGA_Mammoth_MT_Krause_metagenomics_fastq_unmapped_other.rma6_assignedReads.txt:md5,2c8f1d8eb24b971ec25c63e8e28f037a",
                "JK2782_JK2782_TGGCCGATCAACGA_Mammoth_MT_Krause_metagenomics_fastq_unmapped_other.rma6_filterTable.txt:md5,349ce925d2875a2f3c07ecfa47ce01b2",
                "JK2802_JK2802_AGAATAACCTACCA_Mammoth_MT_Krause_metagenomics_fastq_unmapped_other.rma6_assignedReads.txt:md5,993c98b0aea0493bbd6efa2c30b18e81",
                "JK2802_JK2802_AGAATAACCTACCA_Mammoth_MT_Krause_metagenomics_fastq_unmapped_other.rma6_filterTable.txt:md5,490061a928ba4206963d65b24ea0ea32",
                "JK2782_JK2782_TGGCCGATCAACGA_BAM_Mammoth_MT_Krause_metagenomics_fastq_unmapped_other.rma6_percentIdentity.txt:md5,40b3c0eff232ca988a0002ced7025224",
                "JK2782_JK2782_TGGCCGATCAACGA_Mammoth_MT_Krause_metagenomics_fastq_unmapped_other.rma6_percentIdentity.txt:md5,8038b2a28f187a28496bcfd1af5d7e1f",
                "JK2802_JK2802_AGAATAACCTACCA_Mammoth_MT_Krause_metagenomics_fastq_unmapped_other.rma6_percentIdentity.txt:md5,3601b829e9c335b25d449792011aed77",
                "JK2782_JK2782_TGGCCGATCAACGA_BAM_Mammoth_MT_Krause_metagenomics_fastq_unmapped_other.rma6_additionalNodeEntries.txt:md5,9ad2fc878f9209f4d58bb4760b3596f5",
                "JK2782_JK2782_TGGCCGATCAACGA_BAM_Mammoth_MT_Krause_metagenomics_fastq_unmapped_other.rma6_alignmentDist.txt:md5,10716483f01c9654012f4f951989d9da",
                "JK2782_JK2782_TGGCCGATCAACGA_BAM_Mammoth_MT_Krause_metagenomics_fastq_unmapped_other.rma6_readLengthDist.txt:md5,8c8d0215ba3b83f1cdf7338e3de3cc4f",
                "JK2782_JK2782_TGGCCGATCAACGA_BAM_Mammoth_MT_Krause_metagenomics_fastq_unmapped_other.rma6_readLengthStat.txt:md5,0482da28c09522f5e3ca068468a50a37",
                "JK2782_JK2782_TGGCCGATCAACGA_Mammoth_MT_Krause_metagenomics_fastq_unmapped_other.rma6_additionalNodeEntries.txt:md5,9ad2fc878f9209f4d58bb4760b3596f5",
                "JK2782_JK2782_TGGCCGATCAACGA_Mammoth_MT_Krause_metagenomics_fastq_unmapped_other.rma6_alignmentDist.txt:md5,48b0606324508460708b65cb6c37b8d9",
                "JK2782_JK2782_TGGCCGATCAACGA_Mammoth_MT_Krause_metagenomics_fastq_unmapped_other.rma6_readLengthDist.txt:md5,0c73b41ebd58e6f982492f2e0a2d3ef1",
                "JK2782_JK2782_TGGCCGATCAACGA_Mammoth_MT_Krause_metagenomics_fastq_unmapped_other.rma6_readLengthStat.txt:md5,4ef750ed5b6b4ca15e0511e4d726be1a",
                "JK2802_JK2802_AGAATAACCTACCA_Mammoth_MT_Krause_metagenomics_fastq_unmapped_other.rma6_additionalNodeEntries.txt:md5,9ad2fc878f9209f4d58bb4760b3596f5",
                "JK2802_JK2802_AGAATAACCTACCA_Mammoth_MT_Krause_metagenomics_fastq_unmapped_other.rma6_alignmentDist.txt:md5,04d2ac8e3a70811d1c527990383cff3a",
                "JK2802_JK2802_AGAATAACCTACCA_Mammoth_MT_Krause_metagenomics_fastq_unmapped_other.rma6_readLengthDist.txt:md5,fc75e597ae9e3cc1bde31401a84d2fa2",
                "JK2802_JK2802_AGAATAACCTACCA_Mammoth_MT_Krause_metagenomics_fastq_unmapped_other.rma6_readLengthStat.txt:md5,af9459157e34ee45702accd72c7bee31",
                "RunSummary.txt:md5,df23e8a3e8aefb3a44bb7c2dfdb4046c",
                "TotalCount.txt:md5,558fa11de08e21d76ed5c4ecf320ec6e",
                "JK2782_JK2782_TGGCCGATCAACGA_BAM_Mammoth_MT_Krause_metagenomics_fastq_unmapped_other.rma6_coverageHist.txt:md5,20708f0871078b33b3ad9db7a2ad3566",
                "JK2782_JK2782_TGGCCGATCAACGA_BAM_Mammoth_MT_Krause_metagenomics_fastq_unmapped_other.rma6_postionsCovered.txt:md5,321126ce0f9ea7b3ddd50114863f6da8",
                "JK2782_JK2782_TGGCCGATCAACGA_Mammoth_MT_Krause_metagenomics_fastq_unmapped_other.rma6_coverageHist.txt:md5,882f6a1caa9fab5600e894b988c56c70",
                "JK2782_JK2782_TGGCCGATCAACGA_Mammoth_MT_Krause_metagenomics_fastq_unmapped_other.rma6_postionsCovered.txt:md5,31268566c36db4a4580510a907f26bf4",
                "JK2802_JK2802_AGAATAACCTACCA_Mammoth_MT_Krause_metagenomics_fastq_unmapped_other.rma6_coverageHist.txt:md5,486d644ed5175c18010fcc7106aa619f",
                "JK2802_JK2802_AGAATAACCTACCA_Mammoth_MT_Krause_metagenomics_fastq_unmapped_other.rma6_postionsCovered.txt:md5,ba0433f4483a15f4ee9b03c929d3351b",
                "JK2782_JK2782_TGGCCGATCAACGA_BAM_Mammoth_MT_Krause_metagenomics_fastq_unmapped_other.rma6_damageMismatch.txt:md5,1892ede5a01a562002aaffb97f7dd050",
                "JK2782_JK2782_TGGCCGATCAACGA_Mammoth_MT_Krause_metagenomics_fastq_unmapped_other.rma6_damageMismatch.txt:md5,f3d009aaf992e7f2df2323b40cb8cdc3",
                "JK2802_JK2802_AGAATAACCTACCA_Mammoth_MT_Krause_metagenomics_fastq_unmapped_other.rma6_damageMismatch.txt:md5,486d31f9fe4a568a574fc09986b4fb6a",
                "JK2782_JK2782_TGGCCGATCAACGA_BAM_Mammoth_MT_Krause_metagenomics_fastq_unmapped_other.rma6_editDistance.txt:md5,2678469d895ead2d9ab7d2b8acf576e4",
                "JK2782_JK2782_TGGCCGATCAACGA_Mammoth_MT_Krause_metagenomics_fastq_unmapped_other.rma6_editDistance.txt:md5,9d77fc3f9ffd569898b6067f2a54814a",
                "JK2802_JK2802_AGAATAACCTACCA_Mammoth_MT_Krause_metagenomics_fastq_unmapped_other.rma6_editDistance.txt:md5,bf61d63d906d1710a3dee270afd761a8",
                "JK2782_JK2782_TGGCCGATCAACGA_BAM_Mammoth_MT_Krause_metagenomics_fastq_unmapped_other.rma6_assignedReads.txt:md5,cb7fcdb05756cf56bee526583d2fa0e4",
                "JK2782_JK2782_TGGCCGATCAACGA_BAM_Mammoth_MT_Krause_metagenomics_fastq_unmapped_other.rma6_filterTable.txt:md5,1cdcc33471bf1e0c448c4f1e6304e2f4",
                "JK2782_JK2782_TGGCCGATCAACGA_Mammoth_MT_Krause_metagenomics_fastq_unmapped_other.rma6_assignedReads.txt:md5,2c8f1d8eb24b971ec25c63e8e28f037a",
                "JK2782_JK2782_TGGCCGATCAACGA_Mammoth_MT_Krause_metagenomics_fastq_unmapped_other.rma6_filterTable.txt:md5,f2c903c4b5350ff681fbbe9c529fe667",
                "JK2802_JK2802_AGAATAACCTACCA_Mammoth_MT_Krause_metagenomics_fastq_unmapped_other.rma6_assignedReads.txt:md5,993c98b0aea0493bbd6efa2c30b18e81",
                "JK2802_JK2802_AGAATAACCTACCA_Mammoth_MT_Krause_metagenomics_fastq_unmapped_other.rma6_filterTable.txt:md5,38ee6335448bdcedea6608ecb8a36131",
                "JK2782_JK2782_TGGCCGATCAACGA_BAM_Mammoth_MT_Krause_metagenomics_fastq_unmapped_other.rma6_percentIdentity.txt:md5,27f7cb4231d52ced4ff3f91fedc68939",
                "JK2782_JK2782_TGGCCGATCAACGA_Mammoth_MT_Krause_metagenomics_fastq_unmapped_other.rma6_percentIdentity.txt:md5,780b48a824357e4aed9f92a202cc37bb",
                "JK2802_JK2802_AGAATAACCTACCA_Mammoth_MT_Krause_metagenomics_fastq_unmapped_other.rma6_percentIdentity.txt:md5,a159461e9f1315e1ed8af0d65d0d80bc",
                "JK2782_JK2782_TGGCCGATCAACGA_BAM_Mammoth_MT_Krause_metagenomics_fastq_unmapped_other.rma6_additionalNodeEntries.txt:md5,ba22a6d4a53224ae8650cd8f7f280f0e",
                "JK2782_JK2782_TGGCCGATCAACGA_BAM_Mammoth_MT_Krause_metagenomics_fastq_unmapped_other.rma6_alignmentDist.txt:md5,78e824149d2c9b7b007a7c71575d5973",
                "JK2782_JK2782_TGGCCGATCAACGA_BAM_Mammoth_MT_Krause_metagenomics_fastq_unmapped_other.rma6_readLengthDist.txt:md5,ed3da71f462ef3762d4b53937b6b90ee",
                "JK2782_JK2782_TGGCCGATCAACGA_BAM_Mammoth_MT_Krause_metagenomics_fastq_unmapped_other.rma6_readLengthStat.txt:md5,2f2896818a4d0bb54c5604b4c8193b78",
                "JK2782_JK2782_TGGCCGATCAACGA_Mammoth_MT_Krause_metagenomics_fastq_unmapped_other.rma6_additionalNodeEntries.txt:md5,ba22a6d4a53224ae8650cd8f7f280f0e",
                "JK2782_JK2782_TGGCCGATCAACGA_Mammoth_MT_Krause_metagenomics_fastq_unmapped_other.rma6_alignmentDist.txt:md5,794960f39b4fea0c90cf3f207e86a84c",
                "JK2782_JK2782_TGGCCGATCAACGA_Mammoth_MT_Krause_metagenomics_fastq_unmapped_other.rma6_readLengthDist.txt:md5,8f58b78ba562705d87802c3b006a590f",
                "JK2782_JK2782_TGGCCGATCAACGA_Mammoth_MT_Krause_metagenomics_fastq_unmapped_other.rma6_readLengthStat.txt:md5,c032a8dd99920ceb63aaef4b2a57bdd8",
                "JK2802_JK2802_AGAATAACCTACCA_Mammoth_MT_Krause_metagenomics_fastq_unmapped_other.rma6_additionalNodeEntries.txt:md5,ba22a6d4a53224ae8650cd8f7f280f0e",
                "JK2802_JK2802_AGAATAACCTACCA_Mammoth_MT_Krause_metagenomics_fastq_unmapped_other.rma6_alignmentDist.txt:md5,5e86aab32b673c47e322ef0ca5e341c7",
                "JK2802_JK2802_AGAATAACCTACCA_Mammoth_MT_Krause_metagenomics_fastq_unmapped_other.rma6_readLengthDist.txt:md5,175a49571e69ad91506f086a9e1e651e",
                "JK2802_JK2802_AGAATAACCTACCA_Mammoth_MT_Krause_metagenomics_fastq_unmapped_other.rma6_readLengthStat.txt:md5,7521a73348ccc76dbe436a3357177a05",
                "error.txt:md5,d41d8cd98f00b204e9800998ecf8427e",
                "JK2782_JK2782_TGGCCGATCAACGA_BAM_Mammoth_MT_Krause_metagenomics_fastq_unmapped_other.txt.gz:md5,02a0855243e79316a7fb11cf229b692b",
                "JK2782_JK2782_TGGCCGATCAACGA_Mammoth_MT_Krause_metagenomics_fastq_unmapped_other.txt.gz:md5,898cff61ad66dce7617b695026623eeb",
                "JK2802_JK2802_AGAATAACCTACCA_Mammoth_MT_Krause_metagenomics_fastq_unmapped_other.txt.gz:md5,a122f5a89977814fcc91fc49653576a9"
            ],
            [
                "JK2782_JK2782_TGGCCGATCAACGA_BAM_Mammoth_MT_Krause_metagenomics_fastq_unmapped_other.rma6",
                "JK2782_JK2782_TGGCCGATCAACGA_Mammoth_MT_Krause_metagenomics_fastq_unmapped_other.rma6",
                "JK2802_JK2802_AGAATAACCTACCA_Mammoth_MT_Krause_metagenomics_fastq_unmapped_other.rma6",
                "eager_test.tar_doublestranded_0-run-malt-run.log",
                "eager_test.tar_runtime_log_concatenated.log",
                "log.txt",
                "JK2782_JK2782_TGGCCGATCAACGA_BAM_Mammoth_MT_Krause_metagenomics_fastq_unmapped_other.megan",
                "JK2782_JK2782_TGGCCGATCAACGA_Mammoth_MT_Krause_metagenomics_fastq_unmapped_other.megan",
                "JK2802_JK2802_AGAATAACCTACCA_Mammoth_MT_Krause_metagenomics_fastq_unmapped_other.megan",
                "megan6_taxpasta_table.tsv"
            ]
        ],
        "meta": {
            "nf-test": "0.9.2",
            "nextflow": "25.10.0"
        },
        "timestamp": "2025-11-07T11:52:16.681128908"
    },
    "genotyping": {
        "content": [
            [
                "angsd_Mammoth_MT_Krause.glf.gz"
            ]
        ],
        "meta": {
            "nf-test": "0.9.2",
            "nextflow": "25.10.0"
        },
        "timestamp": "2025-11-07T11:52:16.533715385"
    },
    "final_bams": {
        "content": [
            [
                "JK2782_Mammoth_MT_Krause.bam",
                "JK2782_Mammoth_MT_Krause.bam.bai",
                "JK2802_Mammoth_MT_Krause.bam",
                "JK2802_Mammoth_MT_Krause.bam.bai",
                "JK2782_Mammoth_MT_Krause.flagstat",
                "JK2802_Mammoth_MT_Krause.flagstat",
                "JK2782_Mammoth_MT_Krause.bam",
                "JK2782_Mammoth_MT_Krause.bam.bai",
                "JK2802_Mammoth_MT_Krause.bam",
                "JK2802_Mammoth_MT_Krause.bam.bai",
                "JK2782_Mammoth_MT_Krause.flagstat",
                "JK2802_Mammoth_MT_Krause.flagstat"
            ]
        ],
        "meta": {
            "nf-test": "0.9.2",
            "nextflow": "25.10.0"
        },
        "timestamp": "2025-11-07T11:52:16.360637873"
    },
    "deduplication": {
        "content": [
            [
                "JK2782_JK2782_TGGCCGATCAACGA_BAM_Mammoth_MT_Krause_dedupped.bam",
                "JK2782_JK2782_TGGCCGATCAACGA_BAM_Mammoth_MT_Krause_dedupped.bam.bai",
                "JK2782_JK2782_TGGCCGATCAACGA_Mammoth_MT_Krause_dedupped.bam",
                "JK2782_JK2782_TGGCCGATCAACGA_Mammoth_MT_Krause_dedupped.bam.bai",
                "JK2802_JK2802_AGAATAACCTACCA_Mammoth_MT_Krause_dedupped.bam",
                "JK2802_JK2802_AGAATAACCTACCA_Mammoth_MT_Krause_dedupped.bam.bai",
                "JK2782_JK2782_TGGCCGATCAACGA_BAM_Mammoth_MT_Krause_dedupped.flagstat",
                "JK2782_JK2782_TGGCCGATCAACGA_Mammoth_MT_Krause_dedupped.flagstat",
                "JK2802_JK2802_AGAATAACCTACCA_Mammoth_MT_Krause_dedupped.flagstat"
            ]
        ],
        "meta": {
            "nf-test": "0.9.2",
            "nextflow": "24.10.6"
        },
        "timestamp": "2025-08-01T14:40:07.571661"
    },
    "multiqc": {
        "content": [
            [
                "fastp-insert-size-plot.txt",
                "fastp-seq-content-gc-plot_Merged_and_filtered.txt",
                "fastp-seq-content-gc-plot_Read_1_After_filtering.txt",
                "fastp-seq-content-gc-plot_Read_1_Before_filtering.txt",
                "fastp-seq-content-gc-plot_Read_2_Before_filtering.txt",
                "fastp-seq-content-n-plot_Merged_and_filtered.txt",
                "fastp-seq-content-n-plot_Read_1_After_filtering.txt",
                "fastp-seq-content-n-plot_Read_1_Before_filtering.txt",
                "fastp-seq-content-n-plot_Read_2_Before_filtering.txt",
                "fastp-seq-quality-plot_Merged_and_filtered.txt",
                "fastp-seq-quality-plot_Read_1_After_filtering.txt",
                "fastp-seq-quality-plot_Read_1_Before_filtering.txt",
                "fastp-seq-quality-plot_Read_2_Before_filtering.txt",
                "fastp_filtered_reads_plot.txt",
                "fastqc-status-check-heatmap.txt",
                "fastqc_adapter_content_plot.txt",
                "fastqc_per_base_n_content_plot.txt",
                "fastqc_per_base_sequence_quality_plot.txt",
                "fastqc_per_sequence_gc_content_plot_Counts.txt",
                "fastqc_per_sequence_gc_content_plot_Percentages.txt",
                "fastqc_per_sequence_quality_scores_plot.txt",
                "fastqc_sequence_counts_plot.txt",
                "fastqc_sequence_duplication_levels_plot.txt",
                "fastqc_sequence_length_distribution_plot.txt",
                "fastqc_top_overrepresented_sequences_table.txt",
                "fiveprime_misinc_plot.txt",
                "length-distribution-Forward.txt",
                "length-distribution-Reverse.txt",
                "llms-full.txt",
                "malt-mappability-plot.txt",
                "malt-taxonomic-success-plot.txt",
                "malt.txt",
                "mapdamage-fiveprime_misinc_plot.txt",
                "mapdamage-length-distribution-Forward.txt",
                "mapdamage-length-distribution-Reverse.txt",
                "mapdamage-threeprime_misinc_plot.txt",
                "multiqc.log",
                "multiqc.parquet",
                "multiqc_citations.txt",
                "multiqc_damageprofiler_metrics.txt",
                "multiqc_data.json",
                "multiqc_fastp.txt",
                "multiqc_fastqc.txt",
                "multiqc_general_stats.txt",
                "multiqc_qualimap_bamqc_genome_results.txt",
                "multiqc_samtools_flagstat.txt",
                "multiqc_software_versions.txt",
                "multiqc_sources.txt",
                "preseq.txt",
                "preseq_complexity_plot_molecules.txt",
                "qualimap_coverage_histogram.txt",
                "qualimap_gc_content.txt",
                "qualimap_genome_fraction.txt",
                "samtools-flagstat-pct-table.txt",
                "samtools-flagstat-table.txt",
                "threeprime_misinc_plot.txt",
                "fastp-insert-size-plot.pdf",
                "fastp-seq-content-gc-plot_Merged_and_filtered.pdf",
                "fastp-seq-content-gc-plot_Read_1_After_filtering.pdf",
                "fastp-seq-content-gc-plot_Read_1_Before_filtering.pdf",
                "fastp-seq-content-gc-plot_Read_2_Before_filtering.pdf",
                "fastp-seq-content-n-plot_Merged_and_filtered.pdf",
                "fastp-seq-content-n-plot_Read_1_After_filtering.pdf",
                "fastp-seq-content-n-plot_Read_1_Before_filtering.pdf",
                "fastp-seq-content-n-plot_Read_2_Before_filtering.pdf",
                "fastp-seq-quality-plot_Merged_and_filtered.pdf",
                "fastp-seq-quality-plot_Read_1_After_filtering.pdf",
                "fastp-seq-quality-plot_Read_1_Before_filtering.pdf",
                "fastp-seq-quality-plot_Read_2_Before_filtering.pdf",
                "fastp_filtered_reads_plot-cnt.pdf",
                "fastp_filtered_reads_plot-pct.pdf",
                "fastqc_adapter_content_plot.pdf",
                "fastqc_per_base_n_content_plot.pdf",
                "fastqc_per_base_sequence_quality_plot.pdf",
                "fastqc_per_sequence_gc_content_plot_Counts.pdf",
                "fastqc_per_sequence_gc_content_plot_Percentages.pdf",
                "fastqc_per_sequence_quality_scores_plot.pdf",
                "fastqc_sequence_counts_plot-cnt.pdf",
                "fastqc_sequence_counts_plot-pct.pdf",
                "fastqc_sequence_duplication_levels_plot.pdf",
                "fastqc_sequence_length_distribution_plot.pdf",
                "fastqc_top_overrepresented_sequences_table.pdf",
                "fiveprime_misinc_plot.pdf",
                "length-distribution-Forward.pdf",
                "length-distribution-Reverse.pdf",
                "malt-mappability-plot-cnt.pdf",
                "malt-mappability-plot-pct.pdf",
                "malt-taxonomic-success-plot-cnt.pdf",
                "malt-taxonomic-success-plot-pct.pdf",
                "mapdamage-fiveprime_misinc_plot.pdf",
                "mapdamage-length-distribution-Forward.pdf",
                "mapdamage-length-distribution-Reverse.pdf",
                "mapdamage-threeprime_misinc_plot.pdf",
                "preseq_complexity_plot_molecules.pdf",
                "qualimap_coverage_histogram.pdf",
                "qualimap_gc_content.pdf",
                "qualimap_genome_fraction.pdf",
                "samtools-flagstat-pct-table.pdf",
                "samtools-flagstat-table.pdf",
                "threeprime_misinc_plot.pdf",
                "fastp-insert-size-plot.png",
                "fastp-seq-content-gc-plot_Merged_and_filtered.png",
                "fastp-seq-content-gc-plot_Read_1_After_filtering.png",
                "fastp-seq-content-gc-plot_Read_1_Before_filtering.png",
                "fastp-seq-content-gc-plot_Read_2_Before_filtering.png",
                "fastp-seq-content-n-plot_Merged_and_filtered.png",
                "fastp-seq-content-n-plot_Read_1_After_filtering.png",
                "fastp-seq-content-n-plot_Read_1_Before_filtering.png",
                "fastp-seq-content-n-plot_Read_2_Before_filtering.png",
                "fastp-seq-quality-plot_Merged_and_filtered.png",
                "fastp-seq-quality-plot_Read_1_After_filtering.png",
                "fastp-seq-quality-plot_Read_1_Before_filtering.png",
                "fastp-seq-quality-plot_Read_2_Before_filtering.png",
                "fastp_filtered_reads_plot-cnt.png",
                "fastp_filtered_reads_plot-pct.png",
                "fastqc_adapter_content_plot.png",
                "fastqc_per_base_n_content_plot.png",
                "fastqc_per_base_sequence_quality_plot.png",
                "fastqc_per_sequence_gc_content_plot_Counts.png",
                "fastqc_per_sequence_gc_content_plot_Percentages.png",
                "fastqc_per_sequence_quality_scores_plot.png",
                "fastqc_sequence_counts_plot-cnt.png",
                "fastqc_sequence_counts_plot-pct.png",
                "fastqc_sequence_duplication_levels_plot.png",
                "fastqc_sequence_length_distribution_plot.png",
                "fastqc_top_overrepresented_sequences_table.png",
                "fiveprime_misinc_plot.png",
                "length-distribution-Forward.png",
                "length-distribution-Reverse.png",
                "malt-mappability-plot-cnt.png",
                "malt-mappability-plot-pct.png",
                "malt-taxonomic-success-plot-cnt.png",
                "malt-taxonomic-success-plot-pct.png",
                "mapdamage-fiveprime_misinc_plot.png",
                "mapdamage-length-distribution-Forward.png",
                "mapdamage-length-distribution-Reverse.png",
                "mapdamage-threeprime_misinc_plot.png",
                "preseq_complexity_plot_molecules.png",
                "qualimap_coverage_histogram.png",
                "qualimap_gc_content.png",
                "qualimap_genome_fraction.png",
                "samtools-flagstat-pct-table.png",
                "samtools-flagstat-table.png",
                "threeprime_misinc_plot.png",
                "fastp-insert-size-plot.svg",
                "fastp-seq-content-gc-plot_Merged_and_filtered.svg",
                "fastp-seq-content-gc-plot_Read_1_After_filtering.svg",
                "fastp-seq-content-gc-plot_Read_1_Before_filtering.svg",
                "fastp-seq-content-gc-plot_Read_2_Before_filtering.svg",
                "fastp-seq-content-n-plot_Merged_and_filtered.svg",
                "fastp-seq-content-n-plot_Read_1_After_filtering.svg",
                "fastp-seq-content-n-plot_Read_1_Before_filtering.svg",
                "fastp-seq-content-n-plot_Read_2_Before_filtering.svg",
                "fastp-seq-quality-plot_Merged_and_filtered.svg",
                "fastp-seq-quality-plot_Read_1_After_filtering.svg",
                "fastp-seq-quality-plot_Read_1_Before_filtering.svg",
                "fastp-seq-quality-plot_Read_2_Before_filtering.svg",
                "fastp_filtered_reads_plot-cnt.svg",
                "fastp_filtered_reads_plot-pct.svg",
                "fastqc_adapter_content_plot.svg",
                "fastqc_per_base_n_content_plot.svg",
                "fastqc_per_base_sequence_quality_plot.svg",
                "fastqc_per_sequence_gc_content_plot_Counts.svg",
                "fastqc_per_sequence_gc_content_plot_Percentages.svg",
                "fastqc_per_sequence_quality_scores_plot.svg",
                "fastqc_sequence_counts_plot-cnt.svg",
                "fastqc_sequence_counts_plot-pct.svg",
                "fastqc_sequence_duplication_levels_plot.svg",
                "fastqc_sequence_length_distribution_plot.svg",
                "fastqc_top_overrepresented_sequences_table.svg",
                "fiveprime_misinc_plot.svg",
                "length-distribution-Forward.svg",
                "length-distribution-Reverse.svg",
                "malt-mappability-plot-cnt.svg",
                "malt-mappability-plot-pct.svg",
                "malt-taxonomic-success-plot-cnt.svg",
                "malt-taxonomic-success-plot-pct.svg",
                "mapdamage-fiveprime_misinc_plot.svg",
                "mapdamage-length-distribution-Forward.svg",
                "mapdamage-length-distribution-Reverse.svg",
                "mapdamage-threeprime_misinc_plot.svg",
                "preseq_complexity_plot_molecules.svg",
                "qualimap_coverage_histogram.svg",
                "qualimap_gc_content.svg",
                "qualimap_genome_fraction.svg",
                "samtools-flagstat-pct-table.svg",
                "samtools-flagstat-table.svg",
                "threeprime_misinc_plot.svg",
                "multiqc_report.html"
            ]
        ],
        "meta": {
            "nf-test": "0.9.2",
            "nextflow": "25.10.3"
        },
        "timestamp": "2026-01-30T11:02:22.875676292"
    },
    "mapping_output": {
        "content": [
            [
                "JK2782_JK2782_TGGCCGATCAACGA_BAM_Mammoth_MT_Krause_sorted.flagstat:md5,9a10991f5670a52975a622a8b056e2bc",
                "JK2782_JK2782_TGGCCGATCAACGA_Mammoth_MT_Krause_sorted.flagstat:md5,e6039aec2d315ed24c69dbc6fc4d486e",
                "JK2802_JK2802_AGAATAACCTACCA_Mammoth_MT_Krause_sorted.flagstat:md5,e455ebef1ad088a5a06de3f4eb9ed2c3"
            ],
            [
                "JK2782_JK2782_TGGCCGATCAACGA_BAM_Mammoth_MT_Krause_sorted.bam",
                "JK2782_JK2782_TGGCCGATCAACGA_BAM_Mammoth_MT_Krause_sorted.bam.bai",
                "JK2782_JK2782_TGGCCGATCAACGA_Mammoth_MT_Krause_sorted.bam",
                "JK2782_JK2782_TGGCCGATCAACGA_Mammoth_MT_Krause_sorted.bam.bai",
                "JK2802_JK2802_AGAATAACCTACCA_Mammoth_MT_Krause_sorted.bam",
                "JK2802_JK2802_AGAATAACCTACCA_Mammoth_MT_Krause_sorted.bam.bai"
            ]
        ],
        "meta": {
            "nf-test": "0.9.2",
            "nextflow": "25.10.0"
        },
        "timestamp": "2025-11-07T11:52:16.419328885"
    },
    "authentication": {
        "content": [
            [
                "editDistance.txt:md5,7c00cd7cc4bd87c2da4debaa2704a66a",
                "editDistance.txt:md5,833f352ebb7799478d67efc5d7c7d0b1",
                "editDistance.txt:md5,e7090bc74ce941845b8ca12069ee3376",
                "agogo.css:md5,bd757b1a7ce6fdc0288ba148680f4583",
                "ajax-loader.gif:md5,ae6667053ad118020b8e68ccf307b519",
                "basic.css:md5,25b2823342c0604924a2870eeb4e7e94",
                "doctools.js:md5,5ff571aa60e63f69c1890283e240ff8d",
                "jquery.js:md5,10092eee563dec2dca82b77d2cf5a1ae",
                "pygments.css:md5,d625a0adb949f181bd0d3f1432b0fa7f",
                "report.css:md5,7a5f09eaf7c176f966f4e8854168b812",
                "searchtools.js:md5,d550841adeedc8ed47c40ee607620937",
                "underscore.js:md5,db5ba047a66617d4cd3e8c5099cc51db",
                "websupport.js:md5,9e61e1e8a7433c56bd7e5a615affcf85",
                "homopolymer_indels.txt:md5,70df0ea820c73a7b4d5a6400a5d1f60b",
                "agogo.css:md5,bd757b1a7ce6fdc0288ba148680f4583",
                "ajax-loader.gif:md5,ae6667053ad118020b8e68ccf307b519",
                "basic.css:md5,25b2823342c0604924a2870eeb4e7e94",
                "doctools.js:md5,5ff571aa60e63f69c1890283e240ff8d",
                "jquery.js:md5,10092eee563dec2dca82b77d2cf5a1ae",
                "pygments.css:md5,d625a0adb949f181bd0d3f1432b0fa7f",
                "report.css:md5,7a5f09eaf7c176f966f4e8854168b812",
                "searchtools.js:md5,d550841adeedc8ed47c40ee607620937",
                "underscore.js:md5,db5ba047a66617d4cd3e8c5099cc51db",
                "websupport.js:md5,9e61e1e8a7433c56bd7e5a615affcf85",
                "homopolymer_indels.txt:md5,bb07a32646e8319fd5d3331db1cf5304"
            ],
            [
                "3pGtoA_freq.txt",
                "3p_freq_misincorporations.txt",
                "5pCtoT_freq.txt",
                "5p_freq_misincorporations.txt",
                "DNA_comp_genome.txt",
                "DNA_composition_sample.txt",
                "DamagePlot.pdf",
                "DamagePlot_five_prime.svg",
                "DamagePlot_three_prime.svg",
                "DamageProfiler.log",
                "Length_plot.pdf",
                "Length_plot_combined_data.svg",
                "Length_plot_forward_reverse_separated.svg",
                "dmgprof.json",
                "edit_distance.pdf",
                "edit_distance.svg",
                "lgdistribution.txt",
                "misincorporation.txt",
                "3pGtoA_freq.txt",
                "3p_freq_misincorporations.txt",
                "5pCtoT_freq.txt",
                "5p_freq_misincorporations.txt",
                "DNA_comp_genome.txt",
                "DNA_composition_sample.txt",
                "DamagePlot.pdf",
                "DamagePlot_five_prime.svg",
                "DamagePlot_three_prime.svg",
                "DamageProfiler.log",
                "Length_plot.pdf",
                "Length_plot_combined_data.svg",
                "Length_plot_forward_reverse_separated.svg",
                "dmgprof.json",
                "edit_distance.pdf",
                "edit_distance.svg",
                "lgdistribution.txt",
                "misincorporation.txt",
                "3pGtoA_freq.txt",
                "3p_freq_misincorporations.txt",
                "5pCtoT_freq.txt",
                "5p_freq_misincorporations.txt",
                "DNA_comp_genome.txt",
                "DNA_composition_sample.txt",
                "DamagePlot.pdf",
                "DamagePlot_five_prime.svg",
                "DamagePlot_three_prime.svg",
                "DamageProfiler.log",
                "Length_plot.pdf",
                "Length_plot_combined_data.svg",
                "Length_plot_forward_reverse_separated.svg",
                "dmgprof.json",
                "edit_distance.pdf",
                "edit_distance.svg",
                "lgdistribution.txt",
                "misincorporation.txt",
                "JK2782_JK2782_TGGCCGATCAACGA_BAM_Mammoth_MT_Krause_percent_on_target_mqc.json",
                "JK2782_JK2782_TGGCCGATCAACGA_Mammoth_MT_Krause_percent_on_target_mqc.json",
                "JK2802_JK2802_AGAATAACCTACCA_Mammoth_MT_Krause_percent_on_target_mqc.json",
                "JK2782_JK2782_TGGCCGATCAACGA_BAM_Mammoth_MT_Krause.c_curve.txt",
                "JK2782_JK2782_TGGCCGATCAACGA_BAM_Mammoth_MT_Krause.command.log",
                "JK2782_JK2782_TGGCCGATCAACGA_Mammoth_MT_Krause.c_curve.txt",
                "JK2782_JK2782_TGGCCGATCAACGA_Mammoth_MT_Krause.command.log",
                "JK2802_JK2802_AGAATAACCTACCA_Mammoth_MT_Krause.c_curve.txt",
                "JK2802_JK2802_AGAATAACCTACCA_Mammoth_MT_Krause.command.log",
                "bgfooter.png",
                "bgtop.png",
                "comment-bright.png",
                "comment-close.png",
                "comment.png",
                "down-pressed.png",
                "down.png",
                "file.png",
                "minus.png",
                "plus.png",
                "qualimap_logo_small.png",
                "up-pressed.png",
                "up.png",
                "genome_results.txt",
                "genome_coverage_0to50_histogram.png",
                "genome_coverage_across_reference.png",
                "genome_coverage_histogram.png",
                "genome_coverage_quotes.png",
                "genome_gc_content_per_window.png",
                "genome_homopolymer_indels.png",
                "genome_mapping_quality_across_reference.png",
                "genome_mapping_quality_histogram.png",
                "genome_reads_content_per_read_position.png",
                "genome_uniq_read_starts_histogram.png",
                "qualimapReport.html",
                "coverage_across_reference.txt",
                "coverage_histogram.txt",
                "duplication_rate_histogram.txt",
                "genome_fraction_coverage.txt",
                "mapped_reads_gc-content_distribution.txt",
                "mapped_reads_nucleotide_content.txt",
                "mapping_quality_across_reference.txt",
                "mapping_quality_histogram.txt",
                "bgfooter.png",
                "bgtop.png",
                "comment-bright.png",
                "comment-close.png",
                "comment.png",
                "down-pressed.png",
                "down.png",
                "file.png",
                "minus.png",
                "plus.png",
                "qualimap_logo_small.png",
                "up-pressed.png",
                "up.png",
                "genome_results.txt",
                "genome_coverage_0to50_histogram.png",
                "genome_coverage_across_reference.png",
                "genome_coverage_histogram.png",
                "genome_coverage_quotes.png",
                "genome_gc_content_per_window.png",
                "genome_homopolymer_indels.png",
                "genome_mapping_quality_across_reference.png",
                "genome_mapping_quality_histogram.png",
                "genome_reads_content_per_read_position.png",
                "genome_uniq_read_starts_histogram.png",
                "qualimapReport.html",
                "coverage_across_reference.txt",
                "coverage_histogram.txt",
                "duplication_rate_histogram.txt",
                "genome_fraction_coverage.txt",
                "mapped_reads_gc-content_distribution.txt",
                "mapped_reads_nucleotide_content.txt",
                "mapping_quality_across_reference.txt",
                "mapping_quality_histogram.txt"
            ]
        ],
        "meta": {
            "nf-test": "0.9.2",
            "nextflow": "25.10.3"
        },
        "timestamp": "2026-01-30T11:02:22.713704193"
    }
}