{
    "all_files": {
        "content": [
            [
                "3pGtoA_freq.txt",
                "3p_freq_misincorporations.txt",
                "5pCtoT_freq.txt",
                "5p_freq_misincorporations.txt",
                "DNA_comp_genome.txt",
                "DNA_composition_sample.txt",
                "DamagePlot.pdf",
                "DamagePlot_five_prime.svg",
                "DamagePlot_three_prime.svg",
                "DamageProfiler.log",
                "Length_plot.pdf",
                "Length_plot_combined_data.svg",
                "Length_plot_forward_reverse_separated.svg",
                "dmgprof.json",
                "editDistance.txt",
                "edit_distance.pdf",
                "edit_distance.svg",
                "lgdistribution.txt",
                "misincorporation.txt",
                "3pGtoA_freq.txt",
                "3p_freq_misincorporations.txt",
                "5pCtoT_freq.txt",
                "5p_freq_misincorporations.txt",
                "DNA_comp_genome.txt",
                "DNA_composition_sample.txt",
                "DamagePlot.pdf",
                "DamagePlot_five_prime.svg",
                "DamagePlot_three_prime.svg",
                "DamageProfiler.log",
                "Length_plot.pdf",
                "Length_plot_combined_data.svg",
                "Length_plot_forward_reverse_separated.svg",
                "dmgprof.json",
                "editDistance.txt",
                "edit_distance.pdf",
                "edit_distance.svg",
                "lgdistribution.txt",
                "misincorporation.txt",
                "3pGtoA_freq.txt",
                "3p_freq_misincorporations.txt",
                "5pCtoT_freq.txt",
                "5p_freq_misincorporations.txt",
                "DNA_comp_genome.txt",
                "DNA_composition_sample.txt",
                "DamagePlot.pdf",
                "DamagePlot_five_prime.svg",
                "DamagePlot_three_prime.svg",
                "DamageProfiler.log",
                "Length_plot.pdf",
                "Length_plot_combined_data.svg",
                "Length_plot_forward_reverse_separated.svg",
                "dmgprof.json",
                "editDistance.txt",
                "edit_distance.pdf",
                "edit_distance.svg",
                "lgdistribution.txt",
                "misincorporation.txt",
                "JK2782_JK2782_TGGCCGATCAACGA_BAM_Mammoth_MT_Krause_percent_on_target_mqc.json",
                "JK2782_JK2782_TGGCCGATCAACGA_Mammoth_MT_Krause_percent_on_target_mqc.json",
                "JK2802_JK2802_AGAATAACCTACCA_Mammoth_MT_Krause_percent_on_target_mqc.json",
                "JK2782_JK2782_TGGCCGATCAACGA_BAM_Mammoth_MT_Krause.c_curve.txt",
                "JK2782_JK2782_TGGCCGATCAACGA_BAM_Mammoth_MT_Krause.command.log",
                "JK2782_JK2782_TGGCCGATCAACGA_Mammoth_MT_Krause.c_curve.txt",
                "JK2782_JK2782_TGGCCGATCAACGA_Mammoth_MT_Krause.command.log",
                "JK2802_JK2802_AGAATAACCTACCA_Mammoth_MT_Krause.c_curve.txt",
                "JK2802_JK2802_AGAATAACCTACCA_Mammoth_MT_Krause.command.log",
                "agogo.css",
                "ajax-loader.gif",
                "basic.css",
                "bgfooter.png",
                "bgtop.png",
                "comment-bright.png",
                "comment-close.png",
                "comment.png",
                "doctools.js",
                "down-pressed.png",
                "down.png",
                "file.png",
                "jquery.js",
                "minus.png",
                "plus.png",
                "pygments.css",
                "qualimap_logo_small.png",
                "report.css",
                "searchtools.js",
                "underscore.js",
                "up-pressed.png",
                "up.png",
                "websupport.js",
                "genome_results.txt",
                "genome_coverage_0to50_histogram.png",
                "genome_coverage_across_reference.png",
                "genome_coverage_histogram.png",
                "genome_coverage_quotes.png",
                "genome_gc_content_per_window.png",
                "genome_homopolymer_indels.png",
                "genome_mapping_quality_across_reference.png",
                "genome_mapping_quality_histogram.png",
                "genome_reads_content_per_read_position.png",
                "genome_uniq_read_starts_histogram.png",
                "qualimapReport.html",
                "coverage_across_reference.txt",
                "coverage_histogram.txt",
                "duplication_rate_histogram.txt",
                "genome_fraction_coverage.txt",
                "homopolymer_indels.txt",
                "mapped_reads_gc-content_distribution.txt",
                "mapped_reads_nucleotide_content.txt",
                "mapping_quality_across_reference.txt",
                "mapping_quality_histogram.txt",
                "agogo.css",
                "ajax-loader.gif",
                "basic.css",
                "bgfooter.png",
                "bgtop.png",
                "comment-bright.png",
                "comment-close.png",
                "comment.png",
                "doctools.js",
                "down-pressed.png",
                "down.png",
                "file.png",
                "jquery.js",
                "minus.png",
                "plus.png",
                "pygments.css",
                "qualimap_logo_small.png",
                "report.css",
                "searchtools.js",
                "underscore.js",
                "up-pressed.png",
                "up.png",
                "websupport.js",
                "genome_results.txt",
                "genome_coverage_0to50_histogram.png",
                "genome_coverage_across_reference.png",
                "genome_coverage_histogram.png",
                "genome_coverage_quotes.png",
                "genome_gc_content_per_window.png",
                "genome_homopolymer_indels.png",
                "genome_mapping_quality_across_reference.png",
                "genome_mapping_quality_histogram.png",
                "genome_reads_clipping_profile.png",
                "genome_reads_content_per_read_position.png",
                "genome_uniq_read_starts_histogram.png",
                "qualimapReport.html",
                "coverage_across_reference.txt",
                "coverage_histogram.txt",
                "duplication_rate_histogram.txt",
                "genome_fraction_coverage.txt",
                "homopolymer_indels.txt",
                "mapped_reads_clipping_profile.txt",
                "mapped_reads_gc-content_distribution.txt",
                "mapped_reads_nucleotide_content.txt",
                "mapping_quality_across_reference.txt",
                "mapping_quality_histogram.txt",
                "JK2782_JK2782_TGGCCGATCAACGA_BAM_Mammoth_MT_Krause_dedupped.bam",
                "JK2782_JK2782_TGGCCGATCAACGA_BAM_Mammoth_MT_Krause_dedupped.bam.bai",
                "JK2782_JK2782_TGGCCGATCAACGA_Mammoth_MT_Krause_dedupped.bam",
                "JK2782_JK2782_TGGCCGATCAACGA_Mammoth_MT_Krause_dedupped.bam.bai",
                "JK2802_JK2802_AGAATAACCTACCA_Mammoth_MT_Krause_dedupped.bam",
                "JK2802_JK2802_AGAATAACCTACCA_Mammoth_MT_Krause_dedupped.bam.bai",
                "JK2782_JK2782_TGGCCGATCAACGA_BAM_Mammoth_MT_Krause_dedupped.flagstat",
                "JK2782_JK2782_TGGCCGATCAACGA_Mammoth_MT_Krause_dedupped.flagstat",
                "JK2802_JK2802_AGAATAACCTACCA_Mammoth_MT_Krause_dedupped.flagstat",
                "JK2782_Mammoth_MT_Krause.bam",
                "JK2782_Mammoth_MT_Krause.bam.bai",
                "JK2802_Mammoth_MT_Krause.bam",
                "JK2802_Mammoth_MT_Krause.bam.bai",
                "JK2782_Mammoth_MT_Krause.flagstat",
                "JK2802_Mammoth_MT_Krause.flagstat",
                "JK2782_Mammoth_MT_Krause.bcftools_stats.txt",
                "JK2802_Mammoth_MT_Krause.bcftools_stats.txt",
                "JK2782_Mammoth_MT_Krause.vcf.gz",
                "JK2782_Mammoth_MT_Krause.vcf.gz.tbi",
                "JK2802_Mammoth_MT_Krause.vcf.gz",
                "JK2802_Mammoth_MT_Krause.vcf.gz.tbi",
                "JK2782_JK2782_TGGCCGATCAACGA_BAM_Mammoth_MT_Krause_sorted.flagstat",
                "JK2782_JK2782_TGGCCGATCAACGA_BAM_Mammoth_MT_Krause_sorted.bam",
                "JK2782_JK2782_TGGCCGATCAACGA_BAM_Mammoth_MT_Krause_sorted.bam.bai",
                "JK2782_JK2782_TGGCCGATCAACGA_Mammoth_MT_Krause_sorted.bam",
                "JK2782_JK2782_TGGCCGATCAACGA_Mammoth_MT_Krause_sorted.bam.bai",
                "JK2802_JK2802_AGAATAACCTACCA_Mammoth_MT_Krause_sorted.bam",
                "JK2802_JK2802_AGAATAACCTACCA_Mammoth_MT_Krause_sorted.bam.bai",
                "JK2782_JK2782_TGGCCGATCAACGA_Mammoth_MT_Krause_sorted.flagstat",
                "JK2802_JK2802_AGAATAACCTACCA_Mammoth_MT_Krause_sorted.flagstat",
                "JK2782_JK2782_TGGCCGATCAACGA_BAM_Mammoth_MT_Krause.biom",
                "JK2782_JK2782_TGGCCGATCAACGA_BAM_Mammoth_MT_Krause.bowtie2out.txt",
                "JK2782_JK2782_TGGCCGATCAACGA_BAM_Mammoth_MT_Krause_profile.txt",
                "JK2782_JK2782_TGGCCGATCAACGA_Mammoth_MT_Krause.biom",
                "JK2782_JK2782_TGGCCGATCAACGA_Mammoth_MT_Krause.bowtie2out.txt",
                "JK2782_JK2782_TGGCCGATCAACGA_Mammoth_MT_Krause_profile.txt",
                "JK2802_JK2802_AGAATAACCTACCA_Mammoth_MT_Krause.biom",
                "JK2802_JK2802_AGAATAACCTACCA_Mammoth_MT_Krause.bowtie2out.txt",
                "JK2802_JK2802_AGAATAACCTACCA_Mammoth_MT_Krause_profile.txt",
                "metaphlan_taxpasta_table.tsv",
                "ar_length_count_plot_All.txt",
                "ar_length_count_plot_Collapsed.txt",
                "ar_length_count_plot_Collapsed_Truncated.txt",
                "ar_length_count_plot_Discarded.txt",
                "ar_length_count_plot_Mate1.txt",
                "ar_length_count_plot_Mate2.txt",
                "ar_length_count_plot_Singleton.txt",
                "ar_retained_plot.txt",
                "bcftools-stats-subtypes.txt",
                "bcftools_stats_indel-lengths.txt",
                "bcftools_stats_variant_depths.txt",
                "bcftools_stats_vqc_Count_Indels.txt",
                "bcftools_stats_vqc_Count_SNP.txt",
                "bcftools_stats_vqc_Count_Transitions.txt",
                "bcftools_stats_vqc_Count_Transversions.txt",
                "fastqc-status-check-heatmap.txt",
                "fastqc_adapter_content_plot.txt",
                "fastqc_per_base_n_content_plot.txt",
                "fastqc_per_base_sequence_quality_plot.txt",
                "fastqc_per_sequence_gc_content_plot_Counts.txt",
                "fastqc_per_sequence_gc_content_plot_Percentages.txt",
                "fastqc_per_sequence_quality_scores_plot.txt",
                "fastqc_sequence_counts_plot.txt",
                "fastqc_sequence_duplication_levels_plot.txt",
                "fastqc_sequence_length_distribution_plot.txt",
                "fastqc_top_overrepresented_sequences_table.txt",
                "fiveprime_misinc_plot.txt",
                "length-distribution-Forward.txt",
                "length-distribution-Reverse.txt",
                "llms-full.txt",
                "mapdamage-fiveprime_misinc_plot.txt",
                "mapdamage-length-distribution-Forward.txt",
                "mapdamage-length-distribution-Reverse.txt",
                "mapdamage-threeprime_misinc_plot.txt",
                "multiqc.log",
                "multiqc.parquet",
                "multiqc_adapter_removal.txt",
                "multiqc_bcftools_stats.txt",
                "multiqc_citations.txt",
                "multiqc_damageprofiler_metrics.txt",
                "multiqc_data.json",
                "multiqc_fastqc.txt",
                "multiqc_general_stats.txt",
                "multiqc_qualimap_bamqc_genome_results.txt",
                "multiqc_samtools_flagstat.txt",
                "multiqc_software_versions.txt",
                "multiqc_sources.txt",
                "preseq.txt",
                "preseq_complexity_plot_molecules.txt",
                "qualimap_coverage_histogram.txt",
                "qualimap_gc_content.txt",
                "qualimap_genome_fraction.txt",
                "samtools-flagstat-pct-table.txt",
                "samtools-flagstat-table.txt",
                "threeprime_misinc_plot.txt",
                "ar_length_count_plot_All.pdf",
                "ar_length_count_plot_Collapsed.pdf",
                "ar_length_count_plot_Collapsed_Truncated.pdf",
                "ar_length_count_plot_Discarded.pdf",
                "ar_length_count_plot_Mate1.pdf",
                "ar_length_count_plot_Mate2.pdf",
                "ar_length_count_plot_Singleton.pdf",
                "ar_retained_plot-cnt.pdf",
                "ar_retained_plot-pct.pdf",
                "bcftools-stats-subtypes-cnt.pdf",
                "bcftools-stats-subtypes-pct.pdf",
                "bcftools_stats_indel-lengths-cnt.pdf",
                "bcftools_stats_indel-lengths-log.pdf",
                "bcftools_stats_variant_depths.pdf",
                "bcftools_stats_vqc_Count_Indels.pdf",
                "bcftools_stats_vqc_Count_SNP.pdf",
                "bcftools_stats_vqc_Count_Transitions.pdf",
                "bcftools_stats_vqc_Count_Transversions.pdf",
                "fastqc-status-check-heatmap.pdf",
                "fastqc_adapter_content_plot.pdf",
                "fastqc_per_base_n_content_plot.pdf",
                "fastqc_per_base_sequence_quality_plot.pdf",
                "fastqc_per_sequence_gc_content_plot_Counts.pdf",
                "fastqc_per_sequence_gc_content_plot_Percentages.pdf",
                "fastqc_per_sequence_quality_scores_plot.pdf",
                "fastqc_sequence_counts_plot-cnt.pdf",
                "fastqc_sequence_counts_plot-pct.pdf",
                "fastqc_sequence_duplication_levels_plot.pdf",
                "fastqc_sequence_length_distribution_plot.pdf",
                "fastqc_top_overrepresented_sequences_table.pdf",
                "fiveprime_misinc_plot.pdf",
                "length-distribution-Forward.pdf",
                "length-distribution-Reverse.pdf",
                "mapdamage-fiveprime_misinc_plot.pdf",
                "mapdamage-length-distribution-Forward.pdf",
                "mapdamage-length-distribution-Reverse.pdf",
                "mapdamage-threeprime_misinc_plot.pdf",
                "preseq_complexity_plot_molecules.pdf",
                "qualimap_coverage_histogram.pdf",
                "qualimap_gc_content.pdf",
                "qualimap_genome_fraction.pdf",
                "samtools-flagstat-pct-table.pdf",
                "samtools-flagstat-table.pdf",
                "threeprime_misinc_plot.pdf",
                "ar_length_count_plot_All.png",
                "ar_length_count_plot_Collapsed.png",
                "ar_length_count_plot_Collapsed_Truncated.png",
                "ar_length_count_plot_Discarded.png",
                "ar_length_count_plot_Mate1.png",
                "ar_length_count_plot_Mate2.png",
                "ar_length_count_plot_Singleton.png",
                "ar_retained_plot-cnt.png",
                "ar_retained_plot-pct.png",
                "bcftools-stats-subtypes-cnt.png",
                "bcftools-stats-subtypes-pct.png",
                "bcftools_stats_indel-lengths-cnt.png",
                "bcftools_stats_indel-lengths-log.png",
                "bcftools_stats_variant_depths.png",
                "bcftools_stats_vqc_Count_Indels.png",
                "bcftools_stats_vqc_Count_SNP.png",
                "bcftools_stats_vqc_Count_Transitions.png",
                "bcftools_stats_vqc_Count_Transversions.png",
                "fastqc-status-check-heatmap.png",
                "fastqc_adapter_content_plot.png",
                "fastqc_per_base_n_content_plot.png",
                "fastqc_per_base_sequence_quality_plot.png",
                "fastqc_per_sequence_gc_content_plot_Counts.png",
                "fastqc_per_sequence_gc_content_plot_Percentages.png",
                "fastqc_per_sequence_quality_scores_plot.png",
                "fastqc_sequence_counts_plot-cnt.png",
                "fastqc_sequence_counts_plot-pct.png",
                "fastqc_sequence_duplication_levels_plot.png",
                "fastqc_sequence_length_distribution_plot.png",
                "fastqc_top_overrepresented_sequences_table.png",
                "fiveprime_misinc_plot.png",
                "length-distribution-Forward.png",
                "length-distribution-Reverse.png",
                "mapdamage-fiveprime_misinc_plot.png",
                "mapdamage-length-distribution-Forward.png",
                "mapdamage-length-distribution-Reverse.png",
                "mapdamage-threeprime_misinc_plot.png",
                "preseq_complexity_plot_molecules.png",
                "qualimap_coverage_histogram.png",
                "qualimap_gc_content.png",
                "qualimap_genome_fraction.png",
                "samtools-flagstat-pct-table.png",
                "samtools-flagstat-table.png",
                "threeprime_misinc_plot.png",
                "ar_length_count_plot_All.svg",
                "ar_length_count_plot_Collapsed.svg",
                "ar_length_count_plot_Collapsed_Truncated.svg",
                "ar_length_count_plot_Discarded.svg",
                "ar_length_count_plot_Mate1.svg",
                "ar_length_count_plot_Mate2.svg",
                "ar_length_count_plot_Singleton.svg",
                "ar_retained_plot-cnt.svg",
                "ar_retained_plot-pct.svg",
                "bcftools-stats-subtypes-cnt.svg",
                "bcftools-stats-subtypes-pct.svg",
                "bcftools_stats_indel-lengths-cnt.svg",
                "bcftools_stats_indel-lengths-log.svg",
                "bcftools_stats_variant_depths.svg",
                "bcftools_stats_vqc_Count_Indels.svg",
                "bcftools_stats_vqc_Count_SNP.svg",
                "bcftools_stats_vqc_Count_Transitions.svg",
                "bcftools_stats_vqc_Count_Transversions.svg",
                "fastqc-status-check-heatmap.svg",
                "fastqc_adapter_content_plot.svg",
                "fastqc_per_base_n_content_plot.svg",
                "fastqc_per_base_sequence_quality_plot.svg",
                "fastqc_per_sequence_gc_content_plot_Counts.svg",
                "fastqc_per_sequence_gc_content_plot_Percentages.svg",
                "fastqc_per_sequence_quality_scores_plot.svg",
                "fastqc_sequence_counts_plot-cnt.svg",
                "fastqc_sequence_counts_plot-pct.svg",
                "fastqc_sequence_duplication_levels_plot.svg",
                "fastqc_sequence_length_distribution_plot.svg",
                "fastqc_top_overrepresented_sequences_table.svg",
                "fiveprime_misinc_plot.svg",
                "length-distribution-Forward.svg",
                "length-distribution-Reverse.svg",
                "mapdamage-fiveprime_misinc_plot.svg",
                "mapdamage-length-distribution-Forward.svg",
                "mapdamage-length-distribution-Reverse.svg",
                "mapdamage-threeprime_misinc_plot.svg",
                "preseq_complexity_plot_molecules.svg",
                "qualimap_coverage_histogram.svg",
                "qualimap_gc_content.svg",
                "qualimap_genome_fraction.svg",
                "samtools-flagstat-pct-table.svg",
                "samtools-flagstat-table.svg",
                "threeprime_misinc_plot.svg",
                "multiqc_report.html",
                "JK2782_JK2782_TGGCCGATCAACGA_L1.settings",
                "JK2802_JK2802_AGAATAACCTACCA_L2.settings",
                "JK2782_JK2782_TGGCCGATCAACGA_L1_fastqc.html",
                "JK2782_JK2782_TGGCCGATCAACGA_L1_fastqc.zip",
                "JK2802_JK2802_AGAATAACCTACCA_L2_fastqc.html",
                "JK2802_JK2802_AGAATAACCTACCA_L2_fastqc.zip",
                "JK2782_JK2782_TGGCCGATCAACGA_L1_1_fastqc.html",
                "JK2782_JK2782_TGGCCGATCAACGA_L1_1_fastqc.zip",
                "JK2782_JK2782_TGGCCGATCAACGA_L1_2_fastqc.html",
                "JK2782_JK2782_TGGCCGATCAACGA_L1_2_fastqc.zip",
                "JK2802_JK2802_AGAATAACCTACCA_L2_fastqc.html",
                "JK2802_JK2802_AGAATAACCTACCA_L2_fastqc.zip",
                "JK2782_JK2782_TGGCCGATCAACGA_BAM_Mammoth_MT_Krause_filtered.bam",
                "JK2782_JK2782_TGGCCGATCAACGA_BAM_Mammoth_MT_Krause_filtered.bam.bai",
                "JK2782_JK2782_TGGCCGATCAACGA_BAM_Mammoth_MT_Krause_lengthonly.filtered.bam",
                "JK2782_JK2782_TGGCCGATCAACGA_BAM_Mammoth_MT_Krause_lengthonly.filtered.bam.bai",
                "JK2782_JK2782_TGGCCGATCAACGA_Mammoth_MT_Krause_filtered.bam",
                "JK2782_JK2782_TGGCCGATCAACGA_Mammoth_MT_Krause_filtered.bam.bai",
                "JK2782_JK2782_TGGCCGATCAACGA_Mammoth_MT_Krause_lengthonly.filtered.bam",
                "JK2782_JK2782_TGGCCGATCAACGA_Mammoth_MT_Krause_lengthonly.filtered.bam.bai",
                "JK2802_JK2802_AGAATAACCTACCA_Mammoth_MT_Krause_filtered.bam",
                "JK2802_JK2802_AGAATAACCTACCA_Mammoth_MT_Krause_filtered.bam.bai",
                "JK2802_JK2802_AGAATAACCTACCA_Mammoth_MT_Krause_lengthonly.filtered.bam",
                "JK2802_JK2802_AGAATAACCTACCA_Mammoth_MT_Krause_lengthonly.filtered.bam.bai",
                "JK2782_JK2782_TGGCCGATCAACGA_BAM_Mammoth_MT_Krause_filtered.flagstat",
                "JK2782_JK2782_TGGCCGATCAACGA_Mammoth_MT_Krause_filtered.flagstat",
                "JK2802_JK2802_AGAATAACCTACCA_Mammoth_MT_Krause_filtered.flagstat"
            ]
        ],
        "meta": {
            "nf-test": "0.9.2",
            "nextflow": "25.10.0"
        },
        "timestamp": "2025-11-07T10:54:47.546416421"
    },
    "preprocessing": {
        "content": [
            [
                "JK2782_JK2782_TGGCCGATCAACGA_L1.settings:md5,a920cca185017515bf11c647bbedb1de",
                "JK2802_JK2802_AGAATAACCTACCA_L2.settings:md5,543afa31df8f520a0e5f7d69ae61cc71"
            ],
            [
                "JK2782_JK2782_TGGCCGATCAACGA_L1_fastqc.html",
                "JK2782_JK2782_TGGCCGATCAACGA_L1_fastqc.zip",
                "JK2802_JK2802_AGAATAACCTACCA_L2_fastqc.html",
                "JK2802_JK2802_AGAATAACCTACCA_L2_fastqc.zip",
                "JK2782_JK2782_TGGCCGATCAACGA_L1_1_fastqc.html",
                "JK2782_JK2782_TGGCCGATCAACGA_L1_1_fastqc.zip",
                "JK2782_JK2782_TGGCCGATCAACGA_L1_2_fastqc.html",
                "JK2782_JK2782_TGGCCGATCAACGA_L1_2_fastqc.zip",
                "JK2802_JK2802_AGAATAACCTACCA_L2_fastqc.html",
                "JK2802_JK2802_AGAATAACCTACCA_L2_fastqc.zip"
            ]
        ],
        "meta": {
            "nf-test": "0.9.2",
            "nextflow": "25.10.0"
        },
        "timestamp": "2025-11-07T10:54:47.969830363"
    },
    "metagenomics": {
        "content": [
            [
                "JK2782_JK2782_TGGCCGATCAACGA_BAM_Mammoth_MT_Krause.bowtie2out.txt:md5,425fb9641154896ccadc44225cd91865",
                "JK2782_JK2782_TGGCCGATCAACGA_BAM_Mammoth_MT_Krause_profile.txt:md5,e825e9fcfea16008c28de1b22603b431",
                "JK2782_JK2782_TGGCCGATCAACGA_Mammoth_MT_Krause.bowtie2out.txt:md5,0387726acd3919b086534e2bac18b04f",
                "JK2782_JK2782_TGGCCGATCAACGA_Mammoth_MT_Krause_profile.txt:md5,7f5afed9aee22450d9f72b6e84524665",
                "JK2802_JK2802_AGAATAACCTACCA_Mammoth_MT_Krause.bowtie2out.txt:md5,7b7855eb48245bcc1d42a12d95f72828",
                "JK2802_JK2802_AGAATAACCTACCA_Mammoth_MT_Krause_profile.txt:md5,a7d079740ec761ff2f5ec6b9e0c1e326"
            ],
            [
                "JK2782_JK2782_TGGCCGATCAACGA_BAM_Mammoth_MT_Krause.biom",
                "JK2782_JK2782_TGGCCGATCAACGA_Mammoth_MT_Krause.biom",
                "JK2802_JK2802_AGAATAACCTACCA_Mammoth_MT_Krause.biom",
                "metaphlan_taxpasta_table.tsv"
            ]
        ],
        "meta": {
            "nf-test": "0.9.2",
            "nextflow": "25.10.0"
        },
        "timestamp": "2025-11-07T10:54:48.157449992"
    },
    "genotyping": {
        "content": [
            [
                
            ]
        ],
        "meta": {
            "nf-test": "0.9.2",
            "nextflow": "25.10.0"
        },
        "timestamp": "2025-11-07T10:54:48.062456676"
    },
    "final_bams": {
        "content": [
            [
                "JK2782_Mammoth_MT_Krause.bam",
                "JK2782_Mammoth_MT_Krause.bam.bai",
                "JK2802_Mammoth_MT_Krause.bam",
                "JK2802_Mammoth_MT_Krause.bam.bai",
                "JK2782_Mammoth_MT_Krause.flagstat",
                "JK2802_Mammoth_MT_Krause.flagstat"
            ]
        ],
        "meta": {
            "nf-test": "0.9.2",
            "nextflow": "25.10.0"
        },
        "timestamp": "2025-11-07T10:54:47.810301006"
    },
    "deduplication": {
        "content": [
            [
                "JK2782_JK2782_TGGCCGATCAACGA_BAM_Mammoth_MT_Krause_dedupped.bam",
                "JK2782_JK2782_TGGCCGATCAACGA_BAM_Mammoth_MT_Krause_dedupped.bam.bai",
                "JK2782_JK2782_TGGCCGATCAACGA_Mammoth_MT_Krause_dedupped.bam",
                "JK2782_JK2782_TGGCCGATCAACGA_Mammoth_MT_Krause_dedupped.bam.bai",
                "JK2802_JK2802_AGAATAACCTACCA_Mammoth_MT_Krause_dedupped.bam",
                "JK2802_JK2802_AGAATAACCTACCA_Mammoth_MT_Krause_dedupped.bam.bai",
                "JK2782_JK2782_TGGCCGATCAACGA_BAM_Mammoth_MT_Krause_dedupped.flagstat",
                "JK2782_JK2782_TGGCCGATCAACGA_Mammoth_MT_Krause_dedupped.flagstat",
                "JK2802_JK2802_AGAATAACCTACCA_Mammoth_MT_Krause_dedupped.flagstat"
            ]
        ],
        "meta": {
            "nf-test": "0.9.2",
            "nextflow": "24.10.6"
        },
        "timestamp": "2025-08-01T14:40:07.571661"
    },
    "multiqc": {
        "content": [
            [
                "ar_length_count_plot_All.txt",
                "ar_length_count_plot_Collapsed.txt",
                "ar_length_count_plot_Collapsed_Truncated.txt",
                "ar_length_count_plot_Discarded.txt",
                "ar_length_count_plot_Mate1.txt",
                "ar_length_count_plot_Mate2.txt",
                "ar_length_count_plot_Singleton.txt",
                "ar_retained_plot.txt",
                "bcftools-stats-subtypes.txt",
                "bcftools_stats_indel-lengths.txt",
                "bcftools_stats_variant_depths.txt",
                "bcftools_stats_vqc_Count_Indels.txt",
                "bcftools_stats_vqc_Count_SNP.txt",
                "bcftools_stats_vqc_Count_Transitions.txt",
                "bcftools_stats_vqc_Count_Transversions.txt",
                "fastqc-status-check-heatmap.txt",
                "fastqc_adapter_content_plot.txt",
                "fastqc_per_base_n_content_plot.txt",
                "fastqc_per_base_sequence_quality_plot.txt",
                "fastqc_per_sequence_gc_content_plot_Counts.txt",
                "fastqc_per_sequence_gc_content_plot_Percentages.txt",
                "fastqc_per_sequence_quality_scores_plot.txt",
                "fastqc_sequence_counts_plot.txt",
                "fastqc_sequence_duplication_levels_plot.txt",
                "fastqc_sequence_length_distribution_plot.txt",
                "fastqc_top_overrepresented_sequences_table.txt",
                "fiveprime_misinc_plot.txt",
                "length-distribution-Forward.txt",
                "length-distribution-Reverse.txt",
                "llms-full.txt",
                "mapdamage-fiveprime_misinc_plot.txt",
                "mapdamage-length-distribution-Forward.txt",
                "mapdamage-length-distribution-Reverse.txt",
                "mapdamage-threeprime_misinc_plot.txt",
                "multiqc.log",
                "multiqc.parquet",
                "multiqc_adapter_removal.txt",
                "multiqc_bcftools_stats.txt",
                "multiqc_citations.txt",
                "multiqc_damageprofiler_metrics.txt",
                "multiqc_data.json",
                "multiqc_fastqc.txt",
                "multiqc_general_stats.txt",
                "multiqc_qualimap_bamqc_genome_results.txt",
                "multiqc_samtools_flagstat.txt",
                "multiqc_software_versions.txt",
                "multiqc_sources.txt",
                "preseq.txt",
                "preseq_complexity_plot_molecules.txt",
                "qualimap_coverage_histogram.txt",
                "qualimap_gc_content.txt",
                "qualimap_genome_fraction.txt",
                "samtools-flagstat-pct-table.txt",
                "samtools-flagstat-table.txt",
                "threeprime_misinc_plot.txt",
                "ar_length_count_plot_All.pdf",
                "ar_length_count_plot_Collapsed.pdf",
                "ar_length_count_plot_Collapsed_Truncated.pdf",
                "ar_length_count_plot_Discarded.pdf",
                "ar_length_count_plot_Mate1.pdf",
                "ar_length_count_plot_Mate2.pdf",
                "ar_length_count_plot_Singleton.pdf",
                "ar_retained_plot-cnt.pdf",
                "ar_retained_plot-pct.pdf",
                "bcftools-stats-subtypes-cnt.pdf",
                "bcftools-stats-subtypes-pct.pdf",
                "bcftools_stats_indel-lengths-cnt.pdf",
                "bcftools_stats_indel-lengths-log.pdf",
                "bcftools_stats_variant_depths.pdf",
                "bcftools_stats_vqc_Count_Indels.pdf",
                "bcftools_stats_vqc_Count_SNP.pdf",
                "bcftools_stats_vqc_Count_Transitions.pdf",
                "bcftools_stats_vqc_Count_Transversions.pdf",
                "fastqc-status-check-heatmap.pdf",
                "fastqc_adapter_content_plot.pdf",
                "fastqc_per_base_n_content_plot.pdf",
                "fastqc_per_base_sequence_quality_plot.pdf",
                "fastqc_per_sequence_gc_content_plot_Counts.pdf",
                "fastqc_per_sequence_gc_content_plot_Percentages.pdf",
                "fastqc_per_sequence_quality_scores_plot.pdf",
                "fastqc_sequence_counts_plot-cnt.pdf",
                "fastqc_sequence_counts_plot-pct.pdf",
                "fastqc_sequence_duplication_levels_plot.pdf",
                "fastqc_sequence_length_distribution_plot.pdf",
                "fastqc_top_overrepresented_sequences_table.pdf",
                "fiveprime_misinc_plot.pdf",
                "length-distribution-Forward.pdf",
                "length-distribution-Reverse.pdf",
                "mapdamage-fiveprime_misinc_plot.pdf",
                "mapdamage-length-distribution-Forward.pdf",
                "mapdamage-length-distribution-Reverse.pdf",
                "mapdamage-threeprime_misinc_plot.pdf",
                "preseq_complexity_plot_molecules.pdf",
                "qualimap_coverage_histogram.pdf",
                "qualimap_gc_content.pdf",
                "qualimap_genome_fraction.pdf",
                "samtools-flagstat-pct-table.pdf",
                "samtools-flagstat-table.pdf",
                "threeprime_misinc_plot.pdf",
                "ar_length_count_plot_All.png",
                "ar_length_count_plot_Collapsed.png",
                "ar_length_count_plot_Collapsed_Truncated.png",
                "ar_length_count_plot_Discarded.png",
                "ar_length_count_plot_Mate1.png",
                "ar_length_count_plot_Mate2.png",
                "ar_length_count_plot_Singleton.png",
                "ar_retained_plot-cnt.png",
                "ar_retained_plot-pct.png",
                "bcftools-stats-subtypes-cnt.png",
                "bcftools-stats-subtypes-pct.png",
                "bcftools_stats_indel-lengths-cnt.png",
                "bcftools_stats_indel-lengths-log.png",
                "bcftools_stats_variant_depths.png",
                "bcftools_stats_vqc_Count_Indels.png",
                "bcftools_stats_vqc_Count_SNP.png",
                "bcftools_stats_vqc_Count_Transitions.png",
                "bcftools_stats_vqc_Count_Transversions.png",
                "fastqc-status-check-heatmap.png",
                "fastqc_adapter_content_plot.png",
                "fastqc_per_base_n_content_plot.png",
                "fastqc_per_base_sequence_quality_plot.png",
                "fastqc_per_sequence_gc_content_plot_Counts.png",
                "fastqc_per_sequence_gc_content_plot_Percentages.png",
                "fastqc_per_sequence_quality_scores_plot.png",
                "fastqc_sequence_counts_plot-cnt.png",
                "fastqc_sequence_counts_plot-pct.png",
                "fastqc_sequence_duplication_levels_plot.png",
                "fastqc_sequence_length_distribution_plot.png",
                "fastqc_top_overrepresented_sequences_table.png",
                "fiveprime_misinc_plot.png",
                "length-distribution-Forward.png",
                "length-distribution-Reverse.png",
                "mapdamage-fiveprime_misinc_plot.png",
                "mapdamage-length-distribution-Forward.png",
                "mapdamage-length-distribution-Reverse.png",
                "mapdamage-threeprime_misinc_plot.png",
                "preseq_complexity_plot_molecules.png",
                "qualimap_coverage_histogram.png",
                "qualimap_gc_content.png",
                "qualimap_genome_fraction.png",
                "samtools-flagstat-pct-table.png",
                "samtools-flagstat-table.png",
                "threeprime_misinc_plot.png",
                "ar_length_count_plot_All.svg",
                "ar_length_count_plot_Collapsed.svg",
                "ar_length_count_plot_Collapsed_Truncated.svg",
                "ar_length_count_plot_Discarded.svg",
                "ar_length_count_plot_Mate1.svg",
                "ar_length_count_plot_Mate2.svg",
                "ar_length_count_plot_Singleton.svg",
                "ar_retained_plot-cnt.svg",
                "ar_retained_plot-pct.svg",
                "bcftools-stats-subtypes-cnt.svg",
                "bcftools-stats-subtypes-pct.svg",
                "bcftools_stats_indel-lengths-cnt.svg",
                "bcftools_stats_indel-lengths-log.svg",
                "bcftools_stats_variant_depths.svg",
                "bcftools_stats_vqc_Count_Indels.svg",
                "bcftools_stats_vqc_Count_SNP.svg",
                "bcftools_stats_vqc_Count_Transitions.svg",
                "bcftools_stats_vqc_Count_Transversions.svg",
                "fastqc-status-check-heatmap.svg",
                "fastqc_adapter_content_plot.svg",
                "fastqc_per_base_n_content_plot.svg",
                "fastqc_per_base_sequence_quality_plot.svg",
                "fastqc_per_sequence_gc_content_plot_Counts.svg",
                "fastqc_per_sequence_gc_content_plot_Percentages.svg",
                "fastqc_per_sequence_quality_scores_plot.svg",
                "fastqc_sequence_counts_plot-cnt.svg",
                "fastqc_sequence_counts_plot-pct.svg",
                "fastqc_sequence_duplication_levels_plot.svg",
                "fastqc_sequence_length_distribution_plot.svg",
                "fastqc_top_overrepresented_sequences_table.svg",
                "fiveprime_misinc_plot.svg",
                "length-distribution-Forward.svg",
                "length-distribution-Reverse.svg",
                "mapdamage-fiveprime_misinc_plot.svg",
                "mapdamage-length-distribution-Forward.svg",
                "mapdamage-length-distribution-Reverse.svg",
                "mapdamage-threeprime_misinc_plot.svg",
                "preseq_complexity_plot_molecules.svg",
                "qualimap_coverage_histogram.svg",
                "qualimap_gc_content.svg",
                "qualimap_genome_fraction.svg",
                "samtools-flagstat-pct-table.svg",
                "samtools-flagstat-table.svg",
                "threeprime_misinc_plot.svg",
                "multiqc_report.html"
            ]
        ],
        "meta": {
            "nf-test": "0.9.2",
            "nextflow": "25.10.0"
        },
        "timestamp": "2025-11-07T10:54:48.240554481"
    },
    "mapping_output": {
        "content": [
            [
                "JK2782_JK2782_TGGCCGATCAACGA_BAM_Mammoth_MT_Krause_sorted.flagstat:md5,9a10991f5670a52975a622a8b056e2bc",
                "JK2782_JK2782_TGGCCGATCAACGA_Mammoth_MT_Krause_sorted.flagstat:md5,4f01c378326b6cb2f9de15293d222064",
                "JK2802_JK2802_AGAATAACCTACCA_Mammoth_MT_Krause_sorted.flagstat:md5,879b79f9fcd14dc7ffe4a1044fadffd8"
            ],
            [
                "JK2782_JK2782_TGGCCGATCAACGA_BAM_Mammoth_MT_Krause_sorted.bam",
                "JK2782_JK2782_TGGCCGATCAACGA_BAM_Mammoth_MT_Krause_sorted.bam.bai",
                "JK2782_JK2782_TGGCCGATCAACGA_Mammoth_MT_Krause_sorted.bam",
                "JK2782_JK2782_TGGCCGATCAACGA_Mammoth_MT_Krause_sorted.bam.bai",
                "JK2802_JK2802_AGAATAACCTACCA_Mammoth_MT_Krause_sorted.bam",
                "JK2802_JK2802_AGAATAACCTACCA_Mammoth_MT_Krause_sorted.bam.bai"
            ]
        ],
        "meta": {
            "nf-test": "0.9.2",
            "nextflow": "25.10.0"
        },
        "timestamp": "2025-11-07T10:54:47.904613171"
    },
    "authentication": {
        "content": [
            [
                "editDistance.txt:md5,7c00cd7cc4bd87c2da4debaa2704a66a",
                "editDistance.txt:md5,5feeaa4b7018320fd9937e271299375c",
                "editDistance.txt:md5,059c352bf858c5ddb27e88253654e353",
                "JK2782_JK2782_TGGCCGATCAACGA_BAM_Mammoth_MT_Krause.command.log:md5,d41d8cd98f00b204e9800998ecf8427e",
                "JK2782_JK2782_TGGCCGATCAACGA_Mammoth_MT_Krause.command.log:md5,d41d8cd98f00b204e9800998ecf8427e",
                "JK2802_JK2802_AGAATAACCTACCA_Mammoth_MT_Krause.command.log:md5,d41d8cd98f00b204e9800998ecf8427e",
                "agogo.css:md5,bd757b1a7ce6fdc0288ba148680f4583",
                "ajax-loader.gif:md5,ae6667053ad118020b8e68ccf307b519",
                "basic.css:md5,25b2823342c0604924a2870eeb4e7e94",
                "doctools.js:md5,5ff571aa60e63f69c1890283e240ff8d",
                "jquery.js:md5,10092eee563dec2dca82b77d2cf5a1ae",
                "pygments.css:md5,d625a0adb949f181bd0d3f1432b0fa7f",
                "report.css:md5,7a5f09eaf7c176f966f4e8854168b812",
                "searchtools.js:md5,d550841adeedc8ed47c40ee607620937",
                "underscore.js:md5,db5ba047a66617d4cd3e8c5099cc51db",
                "websupport.js:md5,9e61e1e8a7433c56bd7e5a615affcf85",
                "homopolymer_indels.txt:md5,0d55f1da4f9625ffc272c2e24880c17f",
                "agogo.css:md5,bd757b1a7ce6fdc0288ba148680f4583",
                "ajax-loader.gif:md5,ae6667053ad118020b8e68ccf307b519",
                "basic.css:md5,25b2823342c0604924a2870eeb4e7e94",
                "doctools.js:md5,5ff571aa60e63f69c1890283e240ff8d",
                "jquery.js:md5,10092eee563dec2dca82b77d2cf5a1ae",
                "pygments.css:md5,d625a0adb949f181bd0d3f1432b0fa7f",
                "report.css:md5,7a5f09eaf7c176f966f4e8854168b812",
                "searchtools.js:md5,d550841adeedc8ed47c40ee607620937",
                "underscore.js:md5,db5ba047a66617d4cd3e8c5099cc51db",
                "websupport.js:md5,9e61e1e8a7433c56bd7e5a615affcf85",
                "homopolymer_indels.txt:md5,174572bf33e7335b9d8b44856c6450e9",
                "mapped_reads_clipping_profile.txt:md5,4c075aafa9911e21de260c69b779c0f9"
            ],
            [
                "3pGtoA_freq.txt",
                "3p_freq_misincorporations.txt",
                "5pCtoT_freq.txt",
                "5p_freq_misincorporations.txt",
                "DNA_comp_genome.txt",
                "DNA_composition_sample.txt",
                "DamagePlot.pdf",
                "DamagePlot_five_prime.svg",
                "DamagePlot_three_prime.svg",
                "DamageProfiler.log",
                "Length_plot.pdf",
                "Length_plot_combined_data.svg",
                "Length_plot_forward_reverse_separated.svg",
                "dmgprof.json",
                "edit_distance.pdf",
                "edit_distance.svg",
                "lgdistribution.txt",
                "misincorporation.txt",
                "3pGtoA_freq.txt",
                "3p_freq_misincorporations.txt",
                "5pCtoT_freq.txt",
                "5p_freq_misincorporations.txt",
                "DNA_comp_genome.txt",
                "DNA_composition_sample.txt",
                "DamagePlot.pdf",
                "DamagePlot_five_prime.svg",
                "DamagePlot_three_prime.svg",
                "DamageProfiler.log",
                "Length_plot.pdf",
                "Length_plot_combined_data.svg",
                "Length_plot_forward_reverse_separated.svg",
                "dmgprof.json",
                "edit_distance.pdf",
                "edit_distance.svg",
                "lgdistribution.txt",
                "misincorporation.txt",
                "3pGtoA_freq.txt",
                "3p_freq_misincorporations.txt",
                "5pCtoT_freq.txt",
                "5p_freq_misincorporations.txt",
                "DNA_comp_genome.txt",
                "DNA_composition_sample.txt",
                "DamagePlot.pdf",
                "DamagePlot_five_prime.svg",
                "DamagePlot_three_prime.svg",
                "DamageProfiler.log",
                "Length_plot.pdf",
                "Length_plot_combined_data.svg",
                "Length_plot_forward_reverse_separated.svg",
                "dmgprof.json",
                "edit_distance.pdf",
                "edit_distance.svg",
                "lgdistribution.txt",
                "misincorporation.txt",
                "JK2782_JK2782_TGGCCGATCAACGA_BAM_Mammoth_MT_Krause_percent_on_target_mqc.json",
                "JK2782_JK2782_TGGCCGATCAACGA_Mammoth_MT_Krause_percent_on_target_mqc.json",
                "JK2802_JK2802_AGAATAACCTACCA_Mammoth_MT_Krause_percent_on_target_mqc.json",
                "JK2782_JK2782_TGGCCGATCAACGA_BAM_Mammoth_MT_Krause.c_curve.txt",
                "JK2782_JK2782_TGGCCGATCAACGA_Mammoth_MT_Krause.c_curve.txt",
                "JK2802_JK2802_AGAATAACCTACCA_Mammoth_MT_Krause.c_curve.txt",
                "bgfooter.png",
                "bgtop.png",
                "comment-bright.png",
                "comment-close.png",
                "comment.png",
                "down-pressed.png",
                "down.png",
                "file.png",
                "minus.png",
                "plus.png",
                "qualimap_logo_small.png",
                "up-pressed.png",
                "up.png",
                "genome_results.txt",
                "genome_coverage_0to50_histogram.png",
                "genome_coverage_across_reference.png",
                "genome_coverage_histogram.png",
                "genome_coverage_quotes.png",
                "genome_gc_content_per_window.png",
                "genome_homopolymer_indels.png",
                "genome_mapping_quality_across_reference.png",
                "genome_mapping_quality_histogram.png",
                "genome_reads_content_per_read_position.png",
                "genome_uniq_read_starts_histogram.png",
                "qualimapReport.html",
                "coverage_across_reference.txt",
                "coverage_histogram.txt",
                "duplication_rate_histogram.txt",
                "genome_fraction_coverage.txt",
                "mapped_reads_gc-content_distribution.txt",
                "mapped_reads_nucleotide_content.txt",
                "mapping_quality_across_reference.txt",
                "mapping_quality_histogram.txt",
                "bgfooter.png",
                "bgtop.png",
                "comment-bright.png",
                "comment-close.png",
                "comment.png",
                "down-pressed.png",
                "down.png",
                "file.png",
                "minus.png",
                "plus.png",
                "qualimap_logo_small.png",
                "up-pressed.png",
                "up.png",
                "genome_results.txt",
                "genome_coverage_0to50_histogram.png",
                "genome_coverage_across_reference.png",
                "genome_coverage_histogram.png",
                "genome_coverage_quotes.png",
                "genome_gc_content_per_window.png",
                "genome_homopolymer_indels.png",
                "genome_mapping_quality_across_reference.png",
                "genome_mapping_quality_histogram.png",
                "genome_reads_clipping_profile.png",
                "genome_reads_content_per_read_position.png",
                "genome_uniq_read_starts_histogram.png",
                "qualimapReport.html",
                "coverage_across_reference.txt",
                "coverage_histogram.txt",
                "duplication_rate_histogram.txt",
                "genome_fraction_coverage.txt",
                "mapped_reads_gc-content_distribution.txt",
                "mapped_reads_nucleotide_content.txt",
                "mapping_quality_across_reference.txt",
                "mapping_quality_histogram.txt"
            ]
        ],
        "meta": {
            "nf-test": "0.9.2",
            "nextflow": "25.10.0"
        },
        "timestamp": "2025-11-07T10:54:47.714875924"
    }
}