{
    "all_files": {
        "content": [
            [
                "3pGtoA_freq.txt",
                "3p_freq_misincorporations.txt",
                "5pCtoT_freq.txt",
                "5p_freq_misincorporations.txt",
                "DNA_comp_genome.txt",
                "DNA_composition_sample.txt",
                "DamagePlot.pdf",
                "DamagePlot_five_prime.svg",
                "DamagePlot_three_prime.svg",
                "DamageProfiler.log",
                "Length_plot.pdf",
                "Length_plot_combined_data.svg",
                "Length_plot_forward_reverse_separated.svg",
                "dmgprof.json",
                "editDistance.txt",
                "edit_distance.pdf",
                "edit_distance.svg",
                "lgdistribution.txt",
                "misincorporation.txt",
                "3pGtoA_freq.txt",
                "3p_freq_misincorporations.txt",
                "5pCtoT_freq.txt",
                "5p_freq_misincorporations.txt",
                "DNA_comp_genome.txt",
                "DNA_composition_sample.txt",
                "DamagePlot.pdf",
                "DamagePlot_five_prime.svg",
                "DamagePlot_three_prime.svg",
                "DamageProfiler.log",
                "Length_plot.pdf",
                "Length_plot_combined_data.svg",
                "Length_plot_forward_reverse_separated.svg",
                "dmgprof.json",
                "editDistance.txt",
                "edit_distance.pdf",
                "edit_distance.svg",
                "lgdistribution.txt",
                "misincorporation.txt",
                "COD076_COD076E1bL1_GCF_902167405.1_gadMor3.0_rna_percent_on_target_mqc.json",
                "COD092_COD092E1bL1i69_GCF_902167405.1_gadMor3.0_rna_percent_on_target_mqc.json",
                "COD076_COD076E1bL1_GCF_902167405.1_gadMor3.0_rna.c_curve.txt",
                "COD076_COD076E1bL1_GCF_902167405.1_gadMor3.0_rna.command.log",
                "COD092_COD092E1bL1i69_GCF_902167405.1_gadMor3.0_rna.c_curve.txt",
                "COD092_COD092E1bL1i69_GCF_902167405.1_gadMor3.0_rna.command.log",
                "agogo.css",
                "ajax-loader.gif",
                "basic.css",
                "bgfooter.png",
                "bgtop.png",
                "comment-bright.png",
                "comment-close.png",
                "comment.png",
                "doctools.js",
                "down-pressed.png",
                "down.png",
                "file.png",
                "jquery.js",
                "minus.png",
                "plus.png",
                "pygments.css",
                "qualimap_logo_small.png",
                "report.css",
                "searchtools.js",
                "underscore.js",
                "up-pressed.png",
                "up.png",
                "websupport.js",
                "genome_results.txt",
                "genome_coverage_0to50_histogram.png",
                "genome_coverage_across_reference.png",
                "genome_coverage_histogram.png",
                "genome_coverage_quotes.png",
                "genome_gc_content_per_window.png",
                "genome_homopolymer_indels.png",
                "genome_mapping_quality_across_reference.png",
                "genome_mapping_quality_histogram.png",
                "genome_reads_clipping_profile.png",
                "genome_reads_content_per_read_position.png",
                "genome_uniq_read_starts_histogram.png",
                "qualimapReport.html",
                "coverage_across_reference.txt",
                "coverage_histogram.txt",
                "duplication_rate_histogram.txt",
                "genome_fraction_coverage.txt",
                "homopolymer_indels.txt",
                "mapped_reads_clipping_profile.txt",
                "mapped_reads_gc-content_distribution.txt",
                "mapped_reads_nucleotide_content.txt",
                "mapping_quality_across_reference.txt",
                "mapping_quality_histogram.txt",
                "agogo.css",
                "ajax-loader.gif",
                "basic.css",
                "bgfooter.png",
                "bgtop.png",
                "comment-bright.png",
                "comment-close.png",
                "comment.png",
                "doctools.js",
                "down-pressed.png",
                "down.png",
                "file.png",
                "jquery.js",
                "minus.png",
                "plus.png",
                "pygments.css",
                "qualimap_logo_small.png",
                "report.css",
                "searchtools.js",
                "underscore.js",
                "up-pressed.png",
                "up.png",
                "websupport.js",
                "genome_results.txt",
                "genome_coverage_0to50_histogram.png",
                "genome_coverage_across_reference.png",
                "genome_coverage_histogram.png",
                "genome_coverage_quotes.png",
                "genome_gc_content_per_window.png",
                "genome_homopolymer_indels.png",
                "genome_mapping_quality_across_reference.png",
                "genome_mapping_quality_histogram.png",
                "genome_reads_clipping_profile.png",
                "genome_reads_content_per_read_position.png",
                "genome_uniq_read_starts_histogram.png",
                "qualimapReport.html",
                "coverage_across_reference.txt",
                "coverage_histogram.txt",
                "duplication_rate_histogram.txt",
                "genome_fraction_coverage.txt",
                "homopolymer_indels.txt",
                "mapped_reads_clipping_profile.txt",
                "mapped_reads_gc-content_distribution.txt",
                "mapped_reads_nucleotide_content.txt",
                "mapping_quality_across_reference.txt",
                "mapping_quality_histogram.txt",
                "COD076_COD076E1bL1_GCF_902167405.1_gadMor3.0_rna_dedupped.bam",
                "COD076_COD076E1bL1_GCF_902167405.1_gadMor3.0_rna_dedupped.bam.bai",
                "COD092_COD092E1bL1i69_GCF_902167405.1_gadMor3.0_rna_dedupped.bam",
                "COD092_COD092E1bL1i69_GCF_902167405.1_gadMor3.0_rna_dedupped.bam.bai",
                "COD076_COD076E1bL1_GCF_902167405.1_gadMor3.0_rna_dedupped.flagstat",
                "COD092_COD092E1bL1i69_GCF_902167405.1_gadMor3.0_rna_dedupped.flagstat",
                "COD076_GCF_902167405.1_gadMor3.0_rna.bam",
                "COD076_GCF_902167405.1_gadMor3.0_rna.bam.bai",
                "COD092_GCF_902167405.1_gadMor3.0_rna.bam",
                "COD092_GCF_902167405.1_gadMor3.0_rna.bam.bai",
                "COD076_GCF_902167405.1_gadMor3.0_rna.flagstat",
                "COD092_GCF_902167405.1_gadMor3.0_rna.flagstat",
                "COD076_GCF_902167405.1_gadMor3.0_rna.bcftools_stats.txt",
                "COD092_GCF_902167405.1_gadMor3.0_rna.bcftools_stats.txt",
                "COD076_GCF_902167405.1_gadMor3.0_rna.vcf.gz",
                "COD076_GCF_902167405.1_gadMor3.0_rna.vcf.gz.tbi",
                "COD092_GCF_902167405.1_gadMor3.0_rna.vcf.gz",
                "COD092_GCF_902167405.1_gadMor3.0_rna.vcf.gz.tbi",
                "COD076_COD076E1bL1_GCF_902167405.1_gadMor3.0_rna_sorted.bam",
                "COD076_COD076E1bL1_GCF_902167405.1_gadMor3.0_rna_sorted.bam.bai",
                "COD092_COD092E1bL1i69_GCF_902167405.1_gadMor3.0_rna_sorted.bam",
                "COD092_COD092E1bL1i69_GCF_902167405.1_gadMor3.0_rna_sorted.bam.bai",
                "COD076_COD076E1bL1_GCF_902167405.1_gadMor3.0_rna_sorted.flagstat",
                "COD092_COD092E1bL1i69_GCF_902167405.1_gadMor3.0_rna_sorted.flagstat",
                "bcftools-stats-subtypes.txt",
                "bcftools_stats_indel-lengths.txt",
                "bcftools_stats_variant_depths.txt",
                "bcftools_stats_vqc_Count_Indels.txt",
                "bcftools_stats_vqc_Count_SNP.txt",
                "bcftools_stats_vqc_Count_Transitions.txt",
                "bcftools_stats_vqc_Count_Transversions.txt",
                "fastp-insert-size-plot.txt",
                "fastp-seq-content-gc-plot_Merged_and_filtered.txt",
                "fastp-seq-content-gc-plot_Read_1_Before_filtering.txt",
                "fastp-seq-content-gc-plot_Read_2_Before_filtering.txt",
                "fastp-seq-content-n-plot_Merged_and_filtered.txt",
                "fastp-seq-content-n-plot_Read_1_Before_filtering.txt",
                "fastp-seq-content-n-plot_Read_2_Before_filtering.txt",
                "fastp-seq-quality-plot_Merged_and_filtered.txt",
                "fastp-seq-quality-plot_Read_1_Before_filtering.txt",
                "fastp-seq-quality-plot_Read_2_Before_filtering.txt",
                "fastp_filtered_reads_plot.txt",
                "fastqc-status-check-heatmap.txt",
                "fastqc_adapter_content_plot.txt",
                "fastqc_overrepresented_sequences_plot.txt",
                "fastqc_per_base_n_content_plot.txt",
                "fastqc_per_base_sequence_quality_plot.txt",
                "fastqc_per_sequence_gc_content_plot_Counts.txt",
                "fastqc_per_sequence_gc_content_plot_Percentages.txt",
                "fastqc_per_sequence_quality_scores_plot.txt",
                "fastqc_sequence_counts_plot.txt",
                "fastqc_sequence_duplication_levels_plot.txt",
                "fastqc_sequence_length_distribution_plot.txt",
                "fastqc_top_overrepresented_sequences_table.txt",
                "fiveprime_misinc_plot.txt",
                "length-distribution-Forward.txt",
                "length-distribution-Reverse.txt",
                "llms-full.txt",
                "mapdamage-fiveprime_misinc_plot.txt",
                "mapdamage-length-distribution-Forward.txt",
                "mapdamage-length-distribution-Reverse.txt",
                "mapdamage-threeprime_misinc_plot.txt",
                "multiqc.log",
                "multiqc.parquet",
                "multiqc_bcftools_stats.txt",
                "multiqc_citations.txt",
                "multiqc_damageprofiler_metrics.txt",
                "multiqc_data.json",
                "multiqc_fastp.txt",
                "multiqc_fastqc.txt",
                "multiqc_general_stats.txt",
                "multiqc_samtools_flagstat.txt",
                "multiqc_software_versions.txt",
                "multiqc_sources.txt",
                "preseq.txt",
                "preseq_complexity_plot_molecules.txt",
                "samtools-flagstat-pct-table.txt",
                "samtools-flagstat-table.txt",
                "threeprime_misinc_plot.txt",
                "bcftools-stats-subtypes-cnt.pdf",
                "bcftools-stats-subtypes-pct.pdf",
                "bcftools_stats_indel-lengths-cnt.pdf",
                "bcftools_stats_indel-lengths-log.pdf",
                "bcftools_stats_variant_depths.pdf",
                "bcftools_stats_vqc_Count_Indels.pdf",
                "bcftools_stats_vqc_Count_SNP.pdf",
                "bcftools_stats_vqc_Count_Transitions.pdf",
                "bcftools_stats_vqc_Count_Transversions.pdf",
                "fastp-insert-size-plot.pdf",
                "fastp-seq-content-gc-plot_Merged_and_filtered.pdf",
                "fastp-seq-content-gc-plot_Read_1_Before_filtering.pdf",
                "fastp-seq-content-gc-plot_Read_2_Before_filtering.pdf",
                "fastp-seq-content-n-plot_Merged_and_filtered.pdf",
                "fastp-seq-content-n-plot_Read_1_Before_filtering.pdf",
                "fastp-seq-content-n-plot_Read_2_Before_filtering.pdf",
                "fastp-seq-quality-plot_Merged_and_filtered.pdf",
                "fastp-seq-quality-plot_Read_1_Before_filtering.pdf",
                "fastp-seq-quality-plot_Read_2_Before_filtering.pdf",
                "fastp_filtered_reads_plot-cnt.pdf",
                "fastp_filtered_reads_plot-pct.pdf",
                "fastqc-status-check-heatmap.pdf",
                "fastqc_adapter_content_plot.pdf",
                "fastqc_overrepresented_sequences_plot.pdf",
                "fastqc_per_base_n_content_plot.pdf",
                "fastqc_per_base_sequence_quality_plot.pdf",
                "fastqc_per_sequence_gc_content_plot_Counts.pdf",
                "fastqc_per_sequence_gc_content_plot_Percentages.pdf",
                "fastqc_per_sequence_quality_scores_plot.pdf",
                "fastqc_sequence_counts_plot-cnt.pdf",
                "fastqc_sequence_counts_plot-pct.pdf",
                "fastqc_sequence_duplication_levels_plot.pdf",
                "fastqc_sequence_length_distribution_plot.pdf",
                "fastqc_top_overrepresented_sequences_table.pdf",
                "fiveprime_misinc_plot.pdf",
                "length-distribution-Forward.pdf",
                "length-distribution-Reverse.pdf",
                "mapdamage-fiveprime_misinc_plot.pdf",
                "mapdamage-length-distribution-Forward.pdf",
                "mapdamage-length-distribution-Reverse.pdf",
                "mapdamage-threeprime_misinc_plot.pdf",
                "preseq_complexity_plot_molecules.pdf",
                "samtools-flagstat-pct-table.pdf",
                "samtools-flagstat-table.pdf",
                "threeprime_misinc_plot.pdf",
                "bcftools-stats-subtypes-cnt.png",
                "bcftools-stats-subtypes-pct.png",
                "bcftools_stats_indel-lengths-cnt.png",
                "bcftools_stats_indel-lengths-log.png",
                "bcftools_stats_variant_depths.png",
                "bcftools_stats_vqc_Count_Indels.png",
                "bcftools_stats_vqc_Count_SNP.png",
                "bcftools_stats_vqc_Count_Transitions.png",
                "bcftools_stats_vqc_Count_Transversions.png",
                "fastp-insert-size-plot.png",
                "fastp-seq-content-gc-plot_Merged_and_filtered.png",
                "fastp-seq-content-gc-plot_Read_1_Before_filtering.png",
                "fastp-seq-content-gc-plot_Read_2_Before_filtering.png",
                "fastp-seq-content-n-plot_Merged_and_filtered.png",
                "fastp-seq-content-n-plot_Read_1_Before_filtering.png",
                "fastp-seq-content-n-plot_Read_2_Before_filtering.png",
                "fastp-seq-quality-plot_Merged_and_filtered.png",
                "fastp-seq-quality-plot_Read_1_Before_filtering.png",
                "fastp-seq-quality-plot_Read_2_Before_filtering.png",
                "fastp_filtered_reads_plot-cnt.png",
                "fastp_filtered_reads_plot-pct.png",
                "fastqc-status-check-heatmap.png",
                "fastqc_adapter_content_plot.png",
                "fastqc_overrepresented_sequences_plot.png",
                "fastqc_per_base_n_content_plot.png",
                "fastqc_per_base_sequence_quality_plot.png",
                "fastqc_per_sequence_gc_content_plot_Counts.png",
                "fastqc_per_sequence_gc_content_plot_Percentages.png",
                "fastqc_per_sequence_quality_scores_plot.png",
                "fastqc_sequence_counts_plot-cnt.png",
                "fastqc_sequence_counts_plot-pct.png",
                "fastqc_sequence_duplication_levels_plot.png",
                "fastqc_sequence_length_distribution_plot.png",
                "fastqc_top_overrepresented_sequences_table.png",
                "fiveprime_misinc_plot.png",
                "length-distribution-Forward.png",
                "length-distribution-Reverse.png",
                "mapdamage-fiveprime_misinc_plot.png",
                "mapdamage-length-distribution-Forward.png",
                "mapdamage-length-distribution-Reverse.png",
                "mapdamage-threeprime_misinc_plot.png",
                "preseq_complexity_plot_molecules.png",
                "samtools-flagstat-pct-table.png",
                "samtools-flagstat-table.png",
                "threeprime_misinc_plot.png",
                "bcftools-stats-subtypes-cnt.svg",
                "bcftools-stats-subtypes-pct.svg",
                "bcftools_stats_indel-lengths-cnt.svg",
                "bcftools_stats_indel-lengths-log.svg",
                "bcftools_stats_variant_depths.svg",
                "bcftools_stats_vqc_Count_Indels.svg",
                "bcftools_stats_vqc_Count_SNP.svg",
                "bcftools_stats_vqc_Count_Transitions.svg",
                "bcftools_stats_vqc_Count_Transversions.svg",
                "fastp-insert-size-plot.svg",
                "fastp-seq-content-gc-plot_Merged_and_filtered.svg",
                "fastp-seq-content-gc-plot_Read_1_Before_filtering.svg",
                "fastp-seq-content-gc-plot_Read_2_Before_filtering.svg",
                "fastp-seq-content-n-plot_Merged_and_filtered.svg",
                "fastp-seq-content-n-plot_Read_1_Before_filtering.svg",
                "fastp-seq-content-n-plot_Read_2_Before_filtering.svg",
                "fastp-seq-quality-plot_Merged_and_filtered.svg",
                "fastp-seq-quality-plot_Read_1_Before_filtering.svg",
                "fastp-seq-quality-plot_Read_2_Before_filtering.svg",
                "fastp_filtered_reads_plot-cnt.svg",
                "fastp_filtered_reads_plot-pct.svg",
                "fastqc-status-check-heatmap.svg",
                "fastqc_adapter_content_plot.svg",
                "fastqc_overrepresented_sequences_plot.svg",
                "fastqc_per_base_n_content_plot.svg",
                "fastqc_per_base_sequence_quality_plot.svg",
                "fastqc_per_sequence_gc_content_plot_Counts.svg",
                "fastqc_per_sequence_gc_content_plot_Percentages.svg",
                "fastqc_per_sequence_quality_scores_plot.svg",
                "fastqc_sequence_counts_plot-cnt.svg",
                "fastqc_sequence_counts_plot-pct.svg",
                "fastqc_sequence_duplication_levels_plot.svg",
                "fastqc_sequence_length_distribution_plot.svg",
                "fastqc_top_overrepresented_sequences_table.svg",
                "fiveprime_misinc_plot.svg",
                "length-distribution-Forward.svg",
                "length-distribution-Reverse.svg",
                "mapdamage-fiveprime_misinc_plot.svg",
                "mapdamage-length-distribution-Forward.svg",
                "mapdamage-length-distribution-Reverse.svg",
                "mapdamage-threeprime_misinc_plot.svg",
                "preseq_complexity_plot_molecules.svg",
                "samtools-flagstat-pct-table.svg",
                "samtools-flagstat-table.svg",
                "threeprime_misinc_plot.svg",
                "multiqc_report.html",
                "COD076_COD076E1bL1_L1.fastp.html",
                "COD076_COD076E1bL1_L1.fastp.json",
                "COD076_COD076E1bL1_L1.fastp.log",
                "COD076_COD076E1bL1_L6.fastp.html",
                "COD076_COD076E1bL1_L6.fastp.json",
                "COD076_COD076E1bL1_L6.fastp.log",
                "COD076_COD076E1bL1_L8.fastp.html",
                "COD076_COD076E1bL1_L8.fastp.json",
                "COD076_COD076E1bL1_L8.fastp.log",
                "COD092_COD092E1bL1i69_L6.fastp.html",
                "COD092_COD092E1bL1i69_L6.fastp.json",
                "COD092_COD092E1bL1i69_L6.fastp.log",
                "COD092_COD092E1bL1i69_L7.fastp.html",
                "COD092_COD092E1bL1i69_L7.fastp.json",
                "COD092_COD092E1bL1i69_L7.fastp.log",
                "COD092_COD092E1bL1i69_L8.fastp.html",
                "COD092_COD092E1bL1i69_L8.fastp.json",
                "COD092_COD092E1bL1i69_L8.fastp.log",
                "COD076_COD076E1bL1_L1_fastqc.html",
                "COD076_COD076E1bL1_L1_fastqc.zip",
                "COD076_COD076E1bL1_L6_fastqc.html",
                "COD076_COD076E1bL1_L6_fastqc.zip",
                "COD076_COD076E1bL1_L8_fastqc.html",
                "COD076_COD076E1bL1_L8_fastqc.zip",
                "COD092_COD092E1bL1i69_L6_fastqc.html",
                "COD092_COD092E1bL1i69_L6_fastqc.zip",
                "COD092_COD092E1bL1i69_L7_fastqc.html",
                "COD092_COD092E1bL1i69_L7_fastqc.zip",
                "COD092_COD092E1bL1i69_L8_fastqc.html",
                "COD092_COD092E1bL1i69_L8_fastqc.zip",
                "COD076_COD076E1bL1_L1_1_fastqc.html",
                "COD076_COD076E1bL1_L1_1_fastqc.zip",
                "COD076_COD076E1bL1_L1_2_fastqc.html",
                "COD076_COD076E1bL1_L1_2_fastqc.zip",
                "COD076_COD076E1bL1_L6_1_fastqc.html",
                "COD076_COD076E1bL1_L6_1_fastqc.zip",
                "COD076_COD076E1bL1_L6_2_fastqc.html",
                "COD076_COD076E1bL1_L6_2_fastqc.zip",
                "COD076_COD076E1bL1_L8_1_fastqc.html",
                "COD076_COD076E1bL1_L8_1_fastqc.zip",
                "COD076_COD076E1bL1_L8_2_fastqc.html",
                "COD076_COD076E1bL1_L8_2_fastqc.zip",
                "COD092_COD092E1bL1i69_L6_1_fastqc.html",
                "COD092_COD092E1bL1i69_L6_1_fastqc.zip",
                "COD092_COD092E1bL1i69_L6_2_fastqc.html",
                "COD092_COD092E1bL1i69_L6_2_fastqc.zip",
                "COD092_COD092E1bL1i69_L7_1_fastqc.html",
                "COD092_COD092E1bL1i69_L7_1_fastqc.zip",
                "COD092_COD092E1bL1i69_L7_2_fastqc.html",
                "COD092_COD092E1bL1i69_L7_2_fastqc.zip",
                "COD092_COD092E1bL1i69_L8_1_fastqc.html",
                "COD092_COD092E1bL1i69_L8_1_fastqc.zip",
                "COD092_COD092E1bL1i69_L8_2_fastqc.html",
                "COD092_COD092E1bL1i69_L8_2_fastqc.zip"
            ]
        ],
        "timestamp": "2026-09-04T12:14:56.841043007",
        "meta": {
            "nf-test": "0.9.5",
            "nextflow": "26.04.6"
        }
    }
}