{
    "all_files": {
        "content": [
            [
                "3pGtoA_freq.txt",
                "3p_freq_misincorporations.txt",
                "5pCtoT_freq.txt",
                "5p_freq_misincorporations.txt",
                "DNA_comp_genome.txt",
                "DNA_composition_sample.txt",
                "DamagePlot.pdf",
                "DamagePlot_five_prime.svg",
                "DamagePlot_three_prime.svg",
                "DamageProfiler.log",
                "Length_plot.pdf",
                "Length_plot_combined_data.svg",
                "Length_plot_forward_reverse_separated.svg",
                "dmgprof.json",
                "editDistance.txt",
                "edit_distance.pdf",
                "edit_distance.svg",
                "lgdistribution.txt",
                "misincorporation.txt",
                "JK2782_JK2782_TGGCCGATCAACGA_BAM_Mammoth_MT_Krause_percent_on_target_mqc.json",
                "JK2782_JK2782_TGGCCGATCAACGA_BAM_Mammoth_MT_Krause.c_curve.txt",
                "agogo.css",
                "ajax-loader.gif",
                "basic.css",
                "bgfooter.png",
                "bgtop.png",
                "comment-bright.png",
                "comment-close.png",
                "comment.png",
                "doctools.js",
                "down-pressed.png",
                "down.png",
                "file.png",
                "jquery.js",
                "minus.png",
                "plus.png",
                "pygments.css",
                "qualimap_logo_small.png",
                "report.css",
                "searchtools.js",
                "underscore.js",
                "up-pressed.png",
                "up.png",
                "websupport.js",
                "genome_results.txt",
                "genome_coverage_0to50_histogram.png",
                "genome_coverage_across_reference.png",
                "genome_coverage_histogram.png",
                "genome_coverage_quotes.png",
                "genome_gc_content_per_window.png",
                "genome_homopolymer_indels.png",
                "genome_mapping_quality_across_reference.png",
                "genome_mapping_quality_histogram.png",
                "genome_reads_content_per_read_position.png",
                "genome_uniq_read_starts_histogram.png",
                "qualimapReport.html",
                "coverage_across_reference.txt",
                "coverage_histogram.txt",
                "duplication_rate_histogram.txt",
                "genome_fraction_coverage.txt",
                "homopolymer_indels.txt",
                "mapped_reads_gc-content_distribution.txt",
                "mapped_reads_nucleotide_content.txt",
                "mapping_quality_across_reference.txt",
                "mapping_quality_histogram.txt",
                "JK2782_JK2782_TGGCCGATCAACGA_BAM_Mammoth_MT_Krause_dedupped.bam",
                "JK2782_JK2782_TGGCCGATCAACGA_BAM_Mammoth_MT_Krause_dedupped.bam.bai",
                "JK2782_JK2782_TGGCCGATCAACGA_BAM_Mammoth_MT_Krause_dedupped.flagstat",
                "JK2782_Mammoth_MT_Krause.bam",
                "JK2782_Mammoth_MT_Krause.bam.bai",
                "JK2782_Mammoth_MT_Krause.flagstat",
                "JK2782_Mammoth_MT_Krause.bcftools_stats.txt",
                "JK2782_Mammoth_MT_Krause.vcf.gz",
                "JK2782_Mammoth_MT_Krause.vcf.gz.tbi",
                "JK2782_JK2782_TGGCCGATCAACGA_BAM_Mammoth_MT_Krause_sorted.flagstat",
                "JK2782_JK2782_TGGCCGATCAACGA_BAM_Mammoth_MT_Krause_sorted.bam",
                "JK2782_JK2782_TGGCCGATCAACGA_BAM_Mammoth_MT_Krause_sorted.bam.bai",
                "bcftools-stats-subtypes.txt",
                "bcftools_stats_indel-lengths.txt",
                "bcftools_stats_variant_depths.txt",
                "bcftools_stats_vqc_Count_Indels.txt",
                "bcftools_stats_vqc_Count_SNP.txt",
                "bcftools_stats_vqc_Count_Transitions.txt",
                "bcftools_stats_vqc_Count_Transversions.txt",
                "fiveprime_misinc_plot.txt",
                "length-distribution-Forward.txt",
                "length-distribution-Reverse.txt",
                "llms-full.txt",
                "mapdamage-fiveprime_misinc_plot.txt",
                "mapdamage-length-distribution-Forward.txt",
                "mapdamage-length-distribution-Reverse.txt",
                "mapdamage-threeprime_misinc_plot.txt",
                "multiqc.log",
                "multiqc.parquet",
                "multiqc_bcftools_stats.txt",
                "multiqc_citations.txt",
                "multiqc_damageprofiler_metrics.txt",
                "multiqc_data.json",
                "multiqc_general_stats.txt",
                "multiqc_samtools_flagstat.txt",
                "multiqc_software_versions.txt",
                "multiqc_sources.txt",
                "preseq.txt",
                "preseq_complexity_plot_molecules.txt",
                "samtools-flagstat-pct-table.txt",
                "samtools-flagstat-table.txt",
                "threeprime_misinc_plot.txt",
                "bcftools-stats-subtypes-cnt.pdf",
                "bcftools-stats-subtypes-pct.pdf",
                "bcftools_stats_indel-lengths-cnt.pdf",
                "bcftools_stats_indel-lengths-log.pdf",
                "bcftools_stats_variant_depths.pdf",
                "bcftools_stats_vqc_Count_Indels.pdf",
                "bcftools_stats_vqc_Count_SNP.pdf",
                "bcftools_stats_vqc_Count_Transitions.pdf",
                "bcftools_stats_vqc_Count_Transversions.pdf",
                "fiveprime_misinc_plot.pdf",
                "length-distribution-Forward.pdf",
                "length-distribution-Reverse.pdf",
                "mapdamage-fiveprime_misinc_plot.pdf",
                "mapdamage-length-distribution-Forward.pdf",
                "mapdamage-length-distribution-Reverse.pdf",
                "mapdamage-threeprime_misinc_plot.pdf",
                "preseq_complexity_plot_molecules.pdf",
                "samtools-flagstat-pct-table.pdf",
                "samtools-flagstat-table.pdf",
                "threeprime_misinc_plot.pdf",
                "bcftools-stats-subtypes-cnt.png",
                "bcftools-stats-subtypes-pct.png",
                "bcftools_stats_indel-lengths-cnt.png",
                "bcftools_stats_indel-lengths-log.png",
                "bcftools_stats_variant_depths.png",
                "bcftools_stats_vqc_Count_Indels.png",
                "bcftools_stats_vqc_Count_SNP.png",
                "bcftools_stats_vqc_Count_Transitions.png",
                "bcftools_stats_vqc_Count_Transversions.png",
                "fiveprime_misinc_plot.png",
                "length-distribution-Forward.png",
                "length-distribution-Reverse.png",
                "mapdamage-fiveprime_misinc_plot.png",
                "mapdamage-length-distribution-Forward.png",
                "mapdamage-length-distribution-Reverse.png",
                "mapdamage-threeprime_misinc_plot.png",
                "preseq_complexity_plot_molecules.png",
                "samtools-flagstat-pct-table.png",
                "samtools-flagstat-table.png",
                "threeprime_misinc_plot.png",
                "bcftools-stats-subtypes-cnt.svg",
                "bcftools-stats-subtypes-pct.svg",
                "bcftools_stats_indel-lengths-cnt.svg",
                "bcftools_stats_indel-lengths-log.svg",
                "bcftools_stats_variant_depths.svg",
                "bcftools_stats_vqc_Count_Indels.svg",
                "bcftools_stats_vqc_Count_SNP.svg",
                "bcftools_stats_vqc_Count_Transitions.svg",
                "bcftools_stats_vqc_Count_Transversions.svg",
                "fiveprime_misinc_plot.svg",
                "length-distribution-Forward.svg",
                "length-distribution-Reverse.svg",
                "mapdamage-fiveprime_misinc_plot.svg",
                "mapdamage-length-distribution-Forward.svg",
                "mapdamage-length-distribution-Reverse.svg",
                "mapdamage-threeprime_misinc_plot.svg",
                "preseq_complexity_plot_molecules.svg",
                "samtools-flagstat-pct-table.svg",
                "samtools-flagstat-table.svg",
                "threeprime_misinc_plot.svg",
                "multiqc_report.html"
            ]
        ],
        "meta": {
            "nf-test": "0.9.3",
            "nextflow": "26.04.4"
        },
        "timestamp": "2026-07-06T17:46:37.559191"
    },
    "genotyping_vcfs": {
        "content": [
            [
                "JK2782_Mammoth_MT_Krause.vcf.gz:header_md5,ba43230556423d05427e4b1160590d82"
            ]
        ],
        "meta": {
            "nf-test": "0.9.2",
            "nextflow": "25.04.6"
        },
        "timestamp": "2025-10-24T09:31:19.142264726"
    },
    "genotyping": {
        "content": [
            [
                "JK2782_Mammoth_MT_Krause.bcftools_stats.txt:md5,d8d225da168bc52a01957fc4f38c8dd6"
            ],
            [
                "JK2782_Mammoth_MT_Krause.vcf.gz.tbi"
            ]
        ],
        "meta": {
            "nf-test": "0.9.2",
            "nextflow": "25.04.6"
        },
        "timestamp": "2025-10-24T09:31:18.975115114"
    },
    "final_bams": {
        "content": [
            [
                "JK2782_Mammoth_MT_Krause.flagstat:md5,877955aa6f76d590f4af61ec08359630"
            ],
            [
                "JK2782_Mammoth_MT_Krause.bam",
                "JK2782_Mammoth_MT_Krause.bam.bai"
            ]
        ],
        "meta": {
            "nf-test": "0.9.2",
            "nextflow": "25.04.6"
        },
        "timestamp": "2025-10-24T09:31:18.921859899"
    },
    "deduplication": {
        "content": [
            [
                "JK2782_JK2782_TGGCCGATCAACGA_BAM_Mammoth_MT_Krause_dedupped.flagstat:md5,877955aa6f76d590f4af61ec08359630"
            ],
            [
                "JK2782_JK2782_TGGCCGATCAACGA_BAM_Mammoth_MT_Krause_dedupped.bam",
                "JK2782_JK2782_TGGCCGATCAACGA_BAM_Mammoth_MT_Krause_dedupped.bam.bai"
            ]
        ],
        "meta": {
            "nf-test": "0.9.2",
            "nextflow": "25.04.6"
        },
        "timestamp": "2025-10-24T09:31:18.903642256"
    },
    "multiqc": {
        "content": [
            [
                "bcftools-stats-subtypes.txt",
                "bcftools_stats_indel-lengths.txt",
                "bcftools_stats_variant_depths.txt",
                "bcftools_stats_vqc_Count_Indels.txt",
                "bcftools_stats_vqc_Count_SNP.txt",
                "bcftools_stats_vqc_Count_Transitions.txt",
                "bcftools_stats_vqc_Count_Transversions.txt",
                "fiveprime_misinc_plot.txt",
                "length-distribution-Forward.txt",
                "length-distribution-Reverse.txt",
                "llms-full.txt",
                "mapdamage-fiveprime_misinc_plot.txt",
                "mapdamage-length-distribution-Forward.txt",
                "mapdamage-length-distribution-Reverse.txt",
                "mapdamage-threeprime_misinc_plot.txt",
                "multiqc.log",
                "multiqc.parquet",
                "multiqc_bcftools_stats.txt",
                "multiqc_citations.txt",
                "multiqc_damageprofiler_metrics.txt",
                "multiqc_data.json",
                "multiqc_general_stats.txt",
                "multiqc_samtools_flagstat.txt",
                "multiqc_software_versions.txt",
                "multiqc_sources.txt",
                "preseq.txt",
                "preseq_complexity_plot_molecules.txt",
                "samtools-flagstat-pct-table.txt",
                "samtools-flagstat-table.txt",
                "threeprime_misinc_plot.txt",
                "bcftools-stats-subtypes-cnt.pdf",
                "bcftools-stats-subtypes-pct.pdf",
                "bcftools_stats_indel-lengths-cnt.pdf",
                "bcftools_stats_indel-lengths-log.pdf",
                "bcftools_stats_variant_depths.pdf",
                "bcftools_stats_vqc_Count_Indels.pdf",
                "bcftools_stats_vqc_Count_SNP.pdf",
                "bcftools_stats_vqc_Count_Transitions.pdf",
                "bcftools_stats_vqc_Count_Transversions.pdf",
                "fiveprime_misinc_plot.pdf",
                "length-distribution-Forward.pdf",
                "length-distribution-Reverse.pdf",
                "mapdamage-fiveprime_misinc_plot.pdf",
                "mapdamage-length-distribution-Forward.pdf",
                "mapdamage-length-distribution-Reverse.pdf",
                "mapdamage-threeprime_misinc_plot.pdf",
                "preseq_complexity_plot_molecules.pdf",
                "samtools-flagstat-pct-table.pdf",
                "samtools-flagstat-table.pdf",
                "threeprime_misinc_plot.pdf",
                "bcftools-stats-subtypes-cnt.png",
                "bcftools-stats-subtypes-pct.png",
                "bcftools_stats_indel-lengths-cnt.png",
                "bcftools_stats_indel-lengths-log.png",
                "bcftools_stats_variant_depths.png",
                "bcftools_stats_vqc_Count_Indels.png",
                "bcftools_stats_vqc_Count_SNP.png",
                "bcftools_stats_vqc_Count_Transitions.png",
                "bcftools_stats_vqc_Count_Transversions.png",
                "fiveprime_misinc_plot.png",
                "length-distribution-Forward.png",
                "length-distribution-Reverse.png",
                "mapdamage-fiveprime_misinc_plot.png",
                "mapdamage-length-distribution-Forward.png",
                "mapdamage-length-distribution-Reverse.png",
                "mapdamage-threeprime_misinc_plot.png",
                "preseq_complexity_plot_molecules.png",
                "samtools-flagstat-pct-table.png",
                "samtools-flagstat-table.png",
                "threeprime_misinc_plot.png",
                "bcftools-stats-subtypes-cnt.svg",
                "bcftools-stats-subtypes-pct.svg",
                "bcftools_stats_indel-lengths-cnt.svg",
                "bcftools_stats_indel-lengths-log.svg",
                "bcftools_stats_variant_depths.svg",
                "bcftools_stats_vqc_Count_Indels.svg",
                "bcftools_stats_vqc_Count_SNP.svg",
                "bcftools_stats_vqc_Count_Transitions.svg",
                "bcftools_stats_vqc_Count_Transversions.svg",
                "fiveprime_misinc_plot.svg",
                "length-distribution-Forward.svg",
                "length-distribution-Reverse.svg",
                "mapdamage-fiveprime_misinc_plot.svg",
                "mapdamage-length-distribution-Forward.svg",
                "mapdamage-length-distribution-Reverse.svg",
                "mapdamage-threeprime_misinc_plot.svg",
                "preseq_complexity_plot_molecules.svg",
                "samtools-flagstat-pct-table.svg",
                "samtools-flagstat-table.svg",
                "threeprime_misinc_plot.svg",
                "multiqc_report.html"
            ]
        ],
        "meta": {
            "nf-test": "0.9.3",
            "nextflow": "26.04.4"
        },
        "timestamp": "2026-07-06T17:46:38.077514"
    },
    "mapping_output": {
        "content": [
            [
                "JK2782_JK2782_TGGCCGATCAACGA_BAM_Mammoth_MT_Krause_sorted.flagstat:md5,9a10991f5670a52975a622a8b056e2bc"
            ],
            [
                "JK2782_JK2782_TGGCCGATCAACGA_BAM_Mammoth_MT_Krause_sorted.bam",
                "JK2782_JK2782_TGGCCGATCAACGA_BAM_Mammoth_MT_Krause_sorted.bam.bai"
            ]
        ],
        "meta": {
            "nf-test": "0.9.2",
            "nextflow": "25.04.6"
        },
        "timestamp": "2025-10-24T09:31:18.940549002"
    },
    "authentication": {
        "content": [
            [
                "3pGtoA_freq.txt:md5,f66d3c680c5c93587f4a7edfb310c75f",
                "5pCtoT_freq.txt:md5,db2d50666bd31a4295614ec65aaa1359",
                "dmgprof.json:md5,3bf9e6252f48aba08627957f5c4834cf",
                "editDistance.txt:md5,7c00cd7cc4bd87c2da4debaa2704a66a",
                "lgdistribution.txt:md5,835cb5b6dec7fa901091f915e7ca51a2",
                "JK2782_JK2782_TGGCCGATCAACGA_BAM_Mammoth_MT_Krause_percent_on_target_mqc.json:md5,1ba4cc8117b76f89ba9415f2b800ef1f",
                "JK2782_JK2782_TGGCCGATCAACGA_BAM_Mammoth_MT_Krause.c_curve.txt:md5,a303d107a83477f3b9535d771a1ca82a",
                "agogo.css:md5,bd757b1a7ce6fdc0288ba148680f4583",
                "ajax-loader.gif:md5,ae6667053ad118020b8e68ccf307b519",
                "basic.css:md5,25b2823342c0604924a2870eeb4e7e94",
                "doctools.js:md5,5ff571aa60e63f69c1890283e240ff8d",
                "jquery.js:md5,10092eee563dec2dca82b77d2cf5a1ae",
                "pygments.css:md5,d625a0adb949f181bd0d3f1432b0fa7f",
                "report.css:md5,7a5f09eaf7c176f966f4e8854168b812",
                "searchtools.js:md5,d550841adeedc8ed47c40ee607620937",
                "underscore.js:md5,db5ba047a66617d4cd3e8c5099cc51db",
                "websupport.js:md5,9e61e1e8a7433c56bd7e5a615affcf85",
                "coverage_across_reference.txt:md5,f0a2dc6e523af57df603e403807139be",
                "coverage_histogram.txt:md5,b8b99bcd4643edf2f09f8feb8c46e36d",
                "duplication_rate_histogram.txt:md5,f342d718392629bd982d363e4d9ef27e",
                "genome_fraction_coverage.txt:md5,271e60f18de911ebfa90b5be77bfa21d",
                "homopolymer_indels.txt:md5,28817a010a023836fcf6aac4e1e3976f",
                "mapping_quality_across_reference.txt:md5,b0670d4adfeeecb4825d7aedb0933145",
                "mapping_quality_histogram.txt:md5,49a46418edd03774e110ae4010193e10"
            ]
        ],
        "meta": {
            "nf-test": "0.9.2",
            "nextflow": "25.04.6"
        },
        "timestamp": "2025-11-14T10:11:39.459311849"
    }
}