{
    "all_files": {
        "content": [
            [
                "COD076_COD076E1bL1_GCF_902167405.1_gadMor3.0_rna.c_curve.txt",
                "COD076_COD076E1bL1_GCF_902167405.1_gadMor3.0_rna.command.log",
                "COD092_COD092E1bL1i69_GCF_902167405.1_gadMor3.0_rna.c_curve.txt",
                "COD092_COD092E1bL1i69_GCF_902167405.1_gadMor3.0_rna.command.log",
                "COD076_COD076E1bL1_GCF_902167405.1_gadMor3.0_rna_sorted.bam",
                "COD076_COD076E1bL1_GCF_902167405.1_gadMor3.0_rna_sorted.bam.bai",
                "COD092_COD092E1bL1i69_GCF_902167405.1_gadMor3.0_rna_sorted.bam",
                "COD092_COD092E1bL1i69_GCF_902167405.1_gadMor3.0_rna_sorted.bam.bai",
                "COD076_COD076E1bL1_GCF_902167405.1_gadMor3.0_rna_sorted.flagstat",
                "COD092_COD092E1bL1i69_GCF_902167405.1_gadMor3.0_rna_sorted.flagstat",
                "COD076_COD076E1bL1_L1.fastp.html",
                "COD076_COD076E1bL1_L1.fastp.json",
                "COD076_COD076E1bL1_L1.fastp.log",
                "COD076_COD076E1bL1_L6.fastp.html",
                "COD076_COD076E1bL1_L6.fastp.json",
                "COD076_COD076E1bL1_L6.fastp.log",
                "COD076_COD076E1bL1_L8.fastp.html",
                "COD076_COD076E1bL1_L8.fastp.json",
                "COD076_COD076E1bL1_L8.fastp.log",
                "COD092_COD092E1bL1i69_L6.fastp.html",
                "COD092_COD092E1bL1i69_L6.fastp.json",
                "COD092_COD092E1bL1i69_L6.fastp.log",
                "COD092_COD092E1bL1i69_L7.fastp.html",
                "COD092_COD092E1bL1i69_L7.fastp.json",
                "COD092_COD092E1bL1i69_L7.fastp.log",
                "COD092_COD092E1bL1i69_L8.fastp.html",
                "COD092_COD092E1bL1i69_L8.fastp.json",
                "COD092_COD092E1bL1i69_L8.fastp.log",
                "COD076_COD076E1bL1_L1_fastqc.html",
                "COD076_COD076E1bL1_L1_fastqc.zip",
                "COD076_COD076E1bL1_L6_fastqc.html",
                "COD076_COD076E1bL1_L6_fastqc.zip",
                "COD076_COD076E1bL1_L8_fastqc.html",
                "COD076_COD076E1bL1_L8_fastqc.zip",
                "COD092_COD092E1bL1i69_L6_fastqc.html",
                "COD092_COD092E1bL1i69_L6_fastqc.zip",
                "COD092_COD092E1bL1i69_L7_fastqc.html",
                "COD092_COD092E1bL1i69_L7_fastqc.zip",
                "COD092_COD092E1bL1i69_L8_fastqc.html",
                "COD092_COD092E1bL1i69_L8_fastqc.zip",
                "COD076_COD076E1bL1_L1_1_fastqc.html",
                "COD076_COD076E1bL1_L1_1_fastqc.zip",
                "COD076_COD076E1bL1_L1_2_fastqc.html",
                "COD076_COD076E1bL1_L1_2_fastqc.zip",
                "COD076_COD076E1bL1_L6_1_fastqc.html",
                "COD076_COD076E1bL1_L6_1_fastqc.zip",
                "COD076_COD076E1bL1_L6_2_fastqc.html",
                "COD076_COD076E1bL1_L6_2_fastqc.zip",
                "COD076_COD076E1bL1_L8_1_fastqc.html",
                "COD076_COD076E1bL1_L8_1_fastqc.zip",
                "COD076_COD076E1bL1_L8_2_fastqc.html",
                "COD076_COD076E1bL1_L8_2_fastqc.zip",
                "COD092_COD092E1bL1i69_L6_1_fastqc.html",
                "COD092_COD092E1bL1i69_L6_1_fastqc.zip",
                "COD092_COD092E1bL1i69_L6_2_fastqc.html",
                "COD092_COD092E1bL1i69_L6_2_fastqc.zip",
                "COD092_COD092E1bL1i69_L7_1_fastqc.html",
                "COD092_COD092E1bL1i69_L7_1_fastqc.zip",
                "COD092_COD092E1bL1i69_L7_2_fastqc.html",
                "COD092_COD092E1bL1i69_L7_2_fastqc.zip",
                "COD092_COD092E1bL1i69_L8_1_fastqc.html",
                "COD092_COD092E1bL1i69_L8_1_fastqc.zip",
                "COD092_COD092E1bL1i69_L8_2_fastqc.html",
                "COD092_COD092E1bL1i69_L8_2_fastqc.zip"
            ]
        ],
        "meta": {
            "nf-test": "0.9.3",
            "nextflow": "25.10.2"
        },
        "timestamp": "2026-01-23T04:03:22.466351835"
    }
}