{
    "bam_filtering": {
        "content": [
            [
                "bam_filtering",
                "JK2782_JK2782_TGGCCGATCAACGA_BAM_Mammoth_MT_Krause_filtered.bam.bai",
                "JK2782_JK2782_TGGCCGATCAACGA_BAM_Mammoth_MT_Krause_filtered.flagstat",
                "JK2782_JK2782_TGGCCGATCAACGA_BAM_Mammoth_MT_Krause_lengthonly.filtered.bam.bai",
                "JK2782_JK2782_TGGCCGATCAACGA_Mammoth_MT_Krause_filtered.bam.bai",
                "JK2782_JK2782_TGGCCGATCAACGA_Mammoth_MT_Krause_filtered.flagstat",
                "JK2782_JK2782_TGGCCGATCAACGA_Mammoth_MT_Krause_lengthonly.filtered.bam.bai",
                "JK2802_JK2802_AGAATAACCTACCA_Mammoth_MT_Krause_filtered.bam.bai",
                "JK2802_JK2802_AGAATAACCTACCA_Mammoth_MT_Krause_filtered.flagstat",
                "JK2802_JK2802_AGAATAACCTACCA_Mammoth_MT_Krause_lengthonly.filtered.bam.bai"
            ],
            [
                "JK2782_JK2782_TGGCCGATCAACGA_BAM_Mammoth_MT_Krause_filtered.bam.bai:md5,d1823ee5a37ad32007d0923731127935",
                "JK2782_JK2782_TGGCCGATCAACGA_BAM_Mammoth_MT_Krause_filtered.flagstat:md5,39fd430cc77fc71f71d75a221c1b7880",
                "JK2782_JK2782_TGGCCGATCAACGA_BAM_Mammoth_MT_Krause_lengthonly.filtered.bam.bai:md5,159e97ddc9270c8d941f42f5553cf4fe",
                "JK2782_JK2782_TGGCCGATCAACGA_Mammoth_MT_Krause_filtered.bam.bai:md5,7df7cd0e935892e537efab3ea4d07fb6",
                "JK2782_JK2782_TGGCCGATCAACGA_Mammoth_MT_Krause_filtered.flagstat:md5,a9fbd8c9a6f8bb02b191f4140f91d04a",
                "JK2782_JK2782_TGGCCGATCAACGA_Mammoth_MT_Krause_lengthonly.filtered.bam.bai:md5,2ed08bcbefcff2d136bf7323205204a1",
                "JK2802_JK2802_AGAATAACCTACCA_Mammoth_MT_Krause_filtered.bam.bai:md5,2c5895eae8a2cf6e1618be82d738ce3f",
                "JK2802_JK2802_AGAATAACCTACCA_Mammoth_MT_Krause_filtered.flagstat:md5,f6c739b729c06e17ca205c64478ad823",
                "JK2802_JK2802_AGAATAACCTACCA_Mammoth_MT_Krause_lengthonly.filtered.bam.bai:md5,434a257dd57b5ed45b3feb25bb4c9002"
            ]
        ],
        "meta": {
            "nf-test": "0.9.0",
            "nextflow": "24.04.4"
        },
        "timestamp": "2024-10-04T12:14:05.550908684"
    }
}